******************************************************************************
                  TMS470 Linker PC v4.9.5                      
******************************************************************************
>> Linked Thu Apr 11 17:57:57 2013

OUTPUT FILE NAME:   <uart_echo.out>
ENTRY POINT SYMBOL: "_c_int00"  address: 00000abd


MEMORY CONFIGURATION

         name            origin    length      used     unused   attr    fill
----------------------  --------  ---------  --------  --------  ----  --------
  FLASH                 00000000   00040000  00000cba  0003f346  R  X
  SRAM                  20000000   00008000  000001d0  00007e30  RW X


SEGMENT ALLOCATION MAP

run origin  load origin   length   init length attrs members
----------  ----------- ---------- ----------- ----- -------
00000000    00000000    00000cc0   00000cc0    r-x
  00000000    00000000    0000026c   0000026c    r-- .intvecs
  0000026c    0000026c    0000093a   0000093a    r-x .text
  00000ba8    00000ba8    000000e4   000000e4    r-- .const
  00000c90    00000c90    00000030   00000030    r-- .cinit
20000000    20000000    00000100   00000000    rw-
  20000000    20000000    00000100   00000000    rw- .stack
20000100    20000100    000000d0   000000c8    rw-
  20000100    20000100    000000c8   000000c8    rw- .data
  200001c8    200001c8    00000008   00000000    rw- .sysmem


SECTION ALLOCATION MAP

 output                                  attributes/
section   page    origin      length       input sections
--------  ----  ----------  ----------   ----------------
.intvecs   0    00000000    0000026c     
                  00000000    0000026c     startup_ccs.obj (.intvecs)

.init_array 
*          0    00000000    00000000     UNINITIALIZED

.text      0    0000026c    0000093a     
                  0000026c    00000234     uart_echo.obj (.text:UART3IntHandler)
                  000004a0    000001d8     driverlib-cm4f.lib : sysctl.obj (.text:SysCtlClockGet)
                  00000678    000001d0     uart_echo.obj (.text:main)
                  00000848    0000009c     rtsv7M4_T_le_v4SPD16_eabi.lib : memcpy_t2.obj (.text)
                  000008e4    00000094                                   : auto_init.obj (.text)
                  00000978    0000005e                                   : copy_decompress_rle.obj (.text)
                  000009d6    00000002     startup_ccs.obj (.text:FaultISR)
                  000009d8    00000050     uart_echo.obj (.text:UARTIntHandler)
                  00000a28    0000004c     rtsv7M4_T_le_v4SPD16_eabi.lib : cpy_tbl.obj (.text)
                  00000a74    00000048     driverlib-cm4f.lib : gpio.obj (.text:GPIOPinConfigure)
                  00000abc    00000048     rtsv7M4_T_le_v4SPD16_eabi.lib : boot.obj (.text)
                  00000b04    00000044                                   : exit.obj (.text)
                  00000b48    00000018                                   : _lock.obj (.text)
                  00000b60    00000018                                   : args_main.obj (.text)
                  00000b78    0000000e                                   : copy_decompress_none.obj (.text:decompress:none)
                  00000b86    0000000a     driverlib-cm4f.lib : gpio.obj (.text:GPIOPinWrite)
                  00000b90    00000006     startup_ccs.obj (.text:ResetISR)
                  00000b96    00000006     driverlib-cm4f.lib : sysctl.obj (.text:SysCtlDelay)
                  00000b9c    00000006     rtsv7M4_T_le_v4SPD16_eabi.lib : copy_decompress_rle.obj (.text:decompress:rle24)
                  00000ba2    00000002     startup_ccs.obj (.text:IntDefaultHandler)
                  00000ba4    00000002     startup_ccs.obj (.text:NmiSR)

.const     0    00000ba8    000000e4     
                  00000ba8    00000078     driverlib-cm4f.lib : gpio.obj (.const:g_pulGPIOBaseAddrs)
                  00000c20    0000006c                        : sysctl.obj (.const:g_pulXtals)

.cinit     0    00000c90    00000030     
                  00000c90    00000020     (.cinit..data.load) [load image, compression = rle]
                  00000cb0    00000008     (__TI_handler_table)
                  00000cb8    00000008     (__TI_cinit_table)

.stack     0    20000000    00000100     UNINITIALIZED
                  20000000    00000100     --HOLE--

.data      0    20000100    000000c8     
                  20000100    000000b4     uart_echo.obj (.data)
                  200001b4    00000008     rtsv7M4_T_le_v4SPD16_eabi.lib : _lock.obj (.data)
                  200001bc    00000008                                   : exit.obj (.data)
                  200001c4    00000004                                   : stkdepth_vars.obj (.data)

.sysmem    0    200001c8    00000008     UNINITIALIZED
                  200001c8    00000008     rtsv7M4_T_le_v4SPD16_eabi.lib : memory.obj (.sysmem)


LINKER GENERATED COPY TABLES

__TI_cinit_table @ 00000cb8 records: 1, size/record: 8, table size: 8
	.data: load addr=00000c90, load size=00000020 bytes, run addr=20000100, run size=000000c8 bytes, compression=rle


LINKER GENERATED HANDLER TABLE

__TI_handler_table @ 00000cb0 records: 2, size/record: 4, table size: 8
	index: 0, handler: __TI_decompress_rle24
	index: 1, handler: __TI_decompress_none


GLOBAL SYMBOLS: SORTED ALPHABETICALLY BY Name 

address    name
--------   ----
00000b05   C$$EXIT
00000a75   GPIOPinConfigure
00000b87   GPIOPinWrite
20000118   GPSPOINTER
00000b91   ResetISR
UNDEFED    SHT$$INIT_ARRAY$$Base
UNDEFED    SHT$$INIT_ARRAY$$Limit
000004a1   SysCtlClockGet
00000b97   SysCtlDelay
0000026d   UART3IntHandler
000009d9   UARTIntHandler
20000100   __STACK_END
00000100   __STACK_SIZE
20000100   __STACK_TOP
00000008   __SYSMEM_SIZE
00000cb8   __TI_CINIT_Base
00000cc0   __TI_CINIT_Limit
00000cb0   __TI_Handler_Table_Base
00000cb8   __TI_Handler_Table_Limit
00000001   __TI_args_main
000008e5   __TI_auto_init
00000b79   __TI_decompress_none
00000b9d   __TI_decompress_rle24
00000000   __TI_static_base__
00000849   __aeabi_memcpy
00000849   __aeabi_memcpy4
00000849   __aeabi_memcpy8
ffffffff   __binit__
ffffffff   __c_args__
20000000   __stack
00000b61   _args_main
00000abd   _c_int00
200001bc   _cleanup_ptr
200001c0   _dtors_ptr
200001b4   _lock
00000b55   _nop
00000b4f   _register_lock
00000b49   _register_unlock
200001c8   _sys_memory
200001b8   _unlock
00000b09   abort
ffffffff   binit
20000188   calculateoutputgps
00000a29   copy_in
20000104   eepromAddress
00000b11   exit
00000000   g_pfnVectors
2000015c   gps_height
20000184   gps_height_decimeters
20000144   gps_latitude_decimal_seconds
20000130   gps_latitude_degrees
20000154   gps_latitude_is_negative
2000013c   gps_latitude_minutes
20000120   gps_longitude_decimal_seconds
20000170   gps_longitude_degrees
20000158   gps_longitude_is_negative
2000017c   gps_longitude_minutes
20000100   initialNumTries
2000018c   latitude
2000019c   longitude
00000679   main
200001c4   main_func_sp
00000849   memcpy
200001ac   neglat
200001b0   neglong
2000011c   nmea_state
2000010c   numTries
20000108   numTrieslong
20000110   servomson
20000114   servotimer


GLOBAL SYMBOLS: SORTED BY Symbol Address 

address    name
--------   ----
00000000   __TI_static_base__
00000000   g_pfnVectors
00000001   __TI_args_main
00000008   __SYSMEM_SIZE
00000100   __STACK_SIZE
0000026d   UART3IntHandler
000004a1   SysCtlClockGet
00000679   main
00000849   __aeabi_memcpy
00000849   __aeabi_memcpy4
00000849   __aeabi_memcpy8
00000849   memcpy
000008e5   __TI_auto_init
000009d9   UARTIntHandler
00000a29   copy_in
00000a75   GPIOPinConfigure
00000abd   _c_int00
00000b05   C$$EXIT
00000b09   abort
00000b11   exit
00000b49   _register_unlock
00000b4f   _register_lock
00000b55   _nop
00000b61   _args_main
00000b79   __TI_decompress_none
00000b87   GPIOPinWrite
00000b91   ResetISR
00000b97   SysCtlDelay
00000b9d   __TI_decompress_rle24
00000cb0   __TI_Handler_Table_Base
00000cb8   __TI_CINIT_Base
00000cb8   __TI_Handler_Table_Limit
00000cc0   __TI_CINIT_Limit
20000000   __stack
20000100   __STACK_END
20000100   __STACK_TOP
20000100   initialNumTries
20000104   eepromAddress
20000108   numTrieslong
2000010c   numTries
20000110   servomson
20000114   servotimer
20000118   GPSPOINTER
2000011c   nmea_state
20000120   gps_longitude_decimal_seconds
20000130   gps_latitude_degrees
2000013c   gps_latitude_minutes
20000144   gps_latitude_decimal_seconds
20000154   gps_latitude_is_negative
20000158   gps_longitude_is_negative
2000015c   gps_height
20000170   gps_longitude_degrees
2000017c   gps_longitude_minutes
20000184   gps_height_decimeters
20000188   calculateoutputgps
2000018c   latitude
2000019c   longitude
200001ac   neglat
200001b0   neglong
200001b4   _lock
200001b8   _unlock
200001bc   _cleanup_ptr
200001c0   _dtors_ptr
200001c4   main_func_sp
200001c8   _sys_memory
ffffffff   __binit__
ffffffff   __c_args__
ffffffff   binit
UNDEFED    SHT$$INIT_ARRAY$$Base
UNDEFED    SHT$$INIT_ARRAY$$Limit

[70 symbols]
