******************************************************************************
                  TMS470 Linker PC v4.9.5                      
******************************************************************************
>> Linked Wed Mar 27 14:56:48 2013

OUTPUT FILE NAME:   <uart_echo.out>
ENTRY POINT SYMBOL: "_c_int00"  address: 000014d1


MEMORY CONFIGURATION

         name            origin    length      used     unused   attr    fill
----------------------  --------  ---------  --------  --------  ----  --------
  FLASH                 00000000   00040000  00001a0c  0003e5f4  R  X
  SRAM                  20000000   00008000  000003a0  00007c60  RW X


SEGMENT ALLOCATION MAP

run origin  load origin   length   init length attrs members
----------  ----------- ---------- ----------- ----- -------
00000000    00000000    00001a10   00001a10    r-x
  00000000    00000000    0000026c   0000026c    r-- .intvecs
  0000026c    0000026c    000015f6   000015f6    r-x .text
  00001864    00001864    00000152   00000152    r-- .const
  000019b8    000019b8    00000058   00000058    r-- .cinit
20000000    20000000    0000036c   00000000    rw-
  20000000    20000000    0000026c   00000000    rw- .vtable
  2000026c    2000026c    00000100   00000000    rw- .stack
2000036c    2000036c    00000034   00000030    rw-
  2000036c    2000036c    00000030   00000030    rw- .data
  2000039c    2000039c    00000004   00000000    rw- .bss


SECTION ALLOCATION MAP

 output                                  attributes/
section   page    origin      length       input sections
--------  ----  ----------  ----------   ----------------
.intvecs   0    00000000    0000026c     
                  00000000    0000026c     startup_ccs.obj (.intvecs)

.init_array 
*          0    00000000    00000000     UNINITIALIZED

.text      0    0000026c    000015f6     
                  0000026c    00000404     ustdlib.obj (.text:uvsnprintf)
                  00000670    00000334     uart_echo.obj (.text:main)
                  000009a4    000001d8     driverlib-cm4f.lib : sysctl.obj (.text:SysCtlClockGet)
                  00000b7c    000000f8     lcd44780_LP.obj (.text:initLCD)
                  00000c74    000000c8     driverlib-cm4f.lib : gpio.obj (.text:GPIOPadConfigSet)
                  00000d3c    000000c0                        : eeprom.obj (.text:EEPROMProgram)
                  00000dfc    0000009c     rtsv7M4_T_le_v4SPD16_eabi.lib : memcpy_t2.obj (.text)
                  00000e98    00000094     driverlib-cm4f.lib : sysctl.obj (.text:SysCtlPeripheralReset)
                  00000f2c    00000094     rtsv7M4_T_le_v4SPD16_eabi.lib : auto_init.obj (.text)
                  00000fc0    00000090     lcd44780_LP.obj (.text:LCDCommand)
                  00001050    00000090     lcd44780_LP.obj (.text:LCDWrite)
                  000010e0    00000086     lcd44780_LP.obj (.text:LCDWriteText)
                  00001166    00000002     startup_ccs.obj (.text:FaultISR)
                  00001168    00000074     uart_echo.obj (.text:getDistance)
                  000011dc    0000005e     rtsv7M4_T_le_v4SPD16_eabi.lib : copy_decompress_rle.obj (.text)
                  0000123a    00000002     startup_ccs.obj (.text:IntDefaultHandler)
                  0000123c    0000005c     uart_echo.obj (.text:openLock)
                  00001298    00000058     driverlib-cm4f.lib : sysctl.obj (.text:SysCtlPeripheralEnable)
                  000012f0    00000058     ustdlib.obj (.text:ustrncpy)
                  00001348    00000054     uart_echo.obj (.text:ServoDriver)
                  0000139c    00000050     uart_echo.obj (.text:UART3IntHandler)
                  000013ec    00000050     uart_echo.obj (.text:UARTIntHandler)
                  0000143c    0000004c     rtsv7M4_T_le_v4SPD16_eabi.lib : cpy_tbl.obj (.text)
                  00001488    00000048     driverlib-cm4f.lib : gpio.obj (.text:GPIOPinConfigure)
                  000014d0    00000048     rtsv7M4_T_le_v4SPD16_eabi.lib : boot.obj (.text)
                  00001518    00000044     driverlib-cm4f.lib : eeprom.obj (.text:EEPROMInit)
                  0000155c    00000044     rtsv7M4_T_le_v4SPD16_eabi.lib : exit.obj (.text)
                  000015a0    00000042                                   : u_divt2.obj (.text)
                  000015e2    00000002     startup_ccs.obj (.text:NmiSR)
                  000015e4    0000003c     driverlib-cm4f.lib : eeprom.obj (.text:EEPROMSetSectorMask)
                  00001620    00000038                        : hibernate.obj (.text:HibernateWriteComplete)
                  00001658    00000034                        : eeprom.obj (.text:EEPROMClearSectorMask)
                  0000168c    00000034                        : interrupt.obj (.text:IntRegister)
                  000016c0    00000030                        : eeprom.obj (.text:EEPROMRead)
                  000016f0    00000030     ustdlib.obj (.text:usnprintf)
                  00001720    0000002e     driverlib-cm4f.lib : gpio.obj (.text:GPIODirModeSet)
                  0000174e    00000002     --HOLE-- [fill = 0]
                  00001750    0000001c                        : systick.obj (.text:SysTickIntRegister)
                  0000176c    0000001a     uart_echo.obj (.text:delayms)
                  00001786    00000002     --HOLE-- [fill = 0]
                  00001788    00000018     rtsv7M4_T_le_v4SPD16_eabi.lib : _lock.obj (.text)
                  000017a0    00000018                                   : args_main.obj (.text)
                  000017b8    00000014     driverlib-cm4f.lib : hibernate.obj (.text:HibernateRequest)
                  000017cc    00000014                        : systick.obj (.text:SysTickEnable)
                  000017e0    00000014                        : systick.obj (.text:SysTickIntEnable)
                  000017f4    00000012                        : gpio.obj (.text:GPIOPinTypeGPIOOutput)
                  00001806    00000012     rtsv7M4_T_le_v4SPD16_eabi.lib : copy_zero_init.obj (.text:decompress:ZI)
                  00001818    00000010     driverlib-cm4f.lib : eeprom.obj (.text:EEPROMWaitForDone)
                  00001828    00000010                        : systick.obj (.text:SysTickPeriodSet)
                  00001838    0000000e     rtsv7M4_T_le_v4SPD16_eabi.lib : copy_decompress_none.obj (.text:decompress:none)
                  00001846    0000000a     driverlib-cm4f.lib : gpio.obj (.text:GPIOPinWrite)
                  00001850    00000006     startup_ccs.obj (.text:ResetISR)
                  00001856    00000006     driverlib-cm4f.lib : sysctl.obj (.text:SysCtlDelay)
                  0000185c    00000006     rtsv7M4_T_le_v4SPD16_eabi.lib : copy_decompress_rle.obj (.text:decompress:rle24)

.const     0    00001864    00000152     
                  00001864    00000078     driverlib-cm4f.lib : gpio.obj (.const:g_pulGPIOBaseAddrs)
                  000018dc    0000006c                        : sysctl.obj (.const:g_pulXtals)
                  00001948    00000040                        : sysctl.obj (.const)
                  00001988    0000001c     ustdlib.obj (.const)
                  000019a4    00000012     ustdlib.obj (.const:.string)

.cinit     0    000019b8    00000058     
                  000019b8    00000020     (.cinit..data.load) [load image, compression = rle]
                  000019d8    0000000c     (__TI_handler_table)
                  000019e4    00000004     --HOLE-- [fill = 0]
                  000019e8    00000008     (.cinit..bss.load) [load image, compression = zero_init]
                  000019f0    00000008     (.cinit..vtable.load) [load image, compression = zero_init]
                  000019f8    00000018     (__TI_cinit_table)

.vtable    0    20000000    0000026c     UNINITIALIZED
                  20000000    0000026c     driverlib-cm4f.lib : interrupt.obj (.vtable)

.stack     0    2000026c    00000100     UNINITIALIZED
                  2000026c    00000100     --HOLE--

.data      0    2000036c    00000030     
                  2000036c    0000001c     uart_echo.obj (.data)
                  20000388    00000008     rtsv7M4_T_le_v4SPD16_eabi.lib : _lock.obj (.data)
                  20000390    00000008                                   : exit.obj (.data)
                  20000398    00000004                                   : stkdepth_vars.obj (.data)

.bss       0    2000039c    00000004     UNINITIALIZED
                  2000039c    00000004     driverlib-cm4f.lib : hibernate.obj (.bss)


LINKER GENERATED COPY TABLES

__TI_cinit_table @ 000019f8 records: 3, size/record: 8, table size: 24
	.data: load addr=000019b8, load size=00000020 bytes, run addr=2000036c, run size=00000030 bytes, compression=rle
	.bss: load addr=000019e8, load size=00000008 bytes, run addr=2000039c, run size=00000004 bytes, compression=zero_init
	.vtable: load addr=000019f0, load size=00000008 bytes, run addr=20000000, run size=0000026c bytes, compression=zero_init


LINKER GENERATED HANDLER TABLE

__TI_handler_table @ 000019d8 records: 3, size/record: 4, table size: 12
	index: 0, handler: __TI_zero_init
	index: 1, handler: __TI_decompress_rle24
	index: 2, handler: __TI_decompress_none


GLOBAL SYMBOLS: SORTED ALPHABETICALLY BY Name 

address    name
--------   ----
0000155d   C$$EXIT
00001519   EEPROMInit
00000d3d   EEPROMProgram
000016c1   EEPROMRead
00001721   GPIODirModeSet
00000c75   GPIOPadConfigSet
00001489   GPIOPinConfigure
000017f5   GPIOPinTypeGPIOOutput
00001847   GPIOPinWrite
000017b9   HibernateRequest
00001621   HibernateWriteComplete
0000168d   IntRegister
00000fc1   LCDCommand
00001051   LCDWrite
000010e1   LCDWriteText
00001851   ResetISR
UNDEFED    SHT$$INIT_ARRAY$$Base
UNDEFED    SHT$$INIT_ARRAY$$Limit
00001349   ServoDriver
000009a5   SysCtlClockGet
00001857   SysCtlDelay
00001299   SysCtlPeripheralEnable
00000e99   SysCtlPeripheralReset
000017cd   SysTickEnable
000017e1   SysTickIntEnable
00001751   SysTickIntRegister
00001829   SysTickPeriodSet
0000139d   UART3IntHandler
000013ed   UARTIntHandler
2000036c   __STACK_END
00000100   __STACK_SIZE
2000036c   __STACK_TOP
000019f8   __TI_CINIT_Base
00001a10   __TI_CINIT_Limit
000019d8   __TI_Handler_Table_Base
000019e4   __TI_Handler_Table_Limit
00000001   __TI_args_main
00000f2d   __TI_auto_init
00001839   __TI_decompress_none
0000185d   __TI_decompress_rle24
00000000   __TI_static_base__
00001807   __TI_zero_init
00000dfd   __aeabi_memcpy
00000dfd   __aeabi_memcpy4
00000dfd   __aeabi_memcpy8
000015a1   __aeabi_uidivmod
ffffffff   __binit__
ffffffff   __c_args__
2000026c   __stack
000017a1   _args_main
000014d1   _c_int00
20000390   _cleanup_ptr
20000394   _dtors_ptr
20000388   _lock
00001795   _nop
0000178f   _register_lock
00001789   _register_unlock
2000038c   _unlock
00001561   abort
ffffffff   binit
0000143d   copy_in
0000176d   delayms
20000370   eepromAddress
00001569   exit
20000000   g_pfnRAMVectors
00000000   g_pfnVectors
00001169   getDistance
00000b7d   initLCD
2000036c   initialNumTries
00000671   main
20000398   main_func_sp
00000dfd   memcpy
20000378   numTries
20000374   numTrieslong
0000123d   openLock
20000380   servomsoff
2000037c   servomson
20000384   servotemp
000016f1   usnprintf
000012f1   ustrncpy
0000026d   uvsnprintf


GLOBAL SYMBOLS: SORTED BY Symbol Address 

address    name
--------   ----
00000000   __TI_static_base__
00000000   g_pfnVectors
00000001   __TI_args_main
00000100   __STACK_SIZE
0000026d   uvsnprintf
00000671   main
000009a5   SysCtlClockGet
00000b7d   initLCD
00000c75   GPIOPadConfigSet
00000d3d   EEPROMProgram
00000dfd   __aeabi_memcpy
00000dfd   __aeabi_memcpy4
00000dfd   __aeabi_memcpy8
00000dfd   memcpy
00000e99   SysCtlPeripheralReset
00000f2d   __TI_auto_init
00000fc1   LCDCommand
00001051   LCDWrite
000010e1   LCDWriteText
00001169   getDistance
0000123d   openLock
00001299   SysCtlPeripheralEnable
000012f1   ustrncpy
00001349   ServoDriver
0000139d   UART3IntHandler
000013ed   UARTIntHandler
0000143d   copy_in
00001489   GPIOPinConfigure
000014d1   _c_int00
00001519   EEPROMInit
0000155d   C$$EXIT
00001561   abort
00001569   exit
000015a1   __aeabi_uidivmod
00001621   HibernateWriteComplete
0000168d   IntRegister
000016c1   EEPROMRead
000016f1   usnprintf
00001721   GPIODirModeSet
00001751   SysTickIntRegister
0000176d   delayms
00001789   _register_unlock
0000178f   _register_lock
00001795   _nop
000017a1   _args_main
000017b9   HibernateRequest
000017cd   SysTickEnable
000017e1   SysTickIntEnable
000017f5   GPIOPinTypeGPIOOutput
00001807   __TI_zero_init
00001829   SysTickPeriodSet
00001839   __TI_decompress_none
00001847   GPIOPinWrite
00001851   ResetISR
00001857   SysCtlDelay
0000185d   __TI_decompress_rle24
000019d8   __TI_Handler_Table_Base
000019e4   __TI_Handler_Table_Limit
000019f8   __TI_CINIT_Base
00001a10   __TI_CINIT_Limit
20000000   g_pfnRAMVectors
2000026c   __stack
2000036c   __STACK_END
2000036c   __STACK_TOP
2000036c   initialNumTries
20000370   eepromAddress
20000374   numTrieslong
20000378   numTries
2000037c   servomson
20000380   servomsoff
20000384   servotemp
20000388   _lock
2000038c   _unlock
20000390   _cleanup_ptr
20000394   _dtors_ptr
20000398   main_func_sp
ffffffff   __binit__
ffffffff   __c_args__
ffffffff   binit
UNDEFED    SHT$$INIT_ARRAY$$Base
UNDEFED    SHT$$INIT_ARRAY$$Limit

[81 symbols]
