******************************************************************************
                  TMS470 Linker PC v4.9.5                      
******************************************************************************
>> Linked Thu Apr 11 23:40:43 2013

OUTPUT FILE NAME:   <uart_echo.out>
ENTRY POINT SYMBOL: "_c_int00"  address: 000036d9


MEMORY CONFIGURATION

         name            origin    length      used     unused   attr    fill
----------------------  --------  ---------  --------  --------  ----  --------
  FLASH                 00000000   00040000  000040fe  0003bf02  R  X
  SRAM                  20000000   00008000  00000870  00007790  RW X


SEGMENT ALLOCATION MAP

run origin  load origin   length   init length attrs members
----------  ----------- ---------- ----------- ----- -------
00000000    00000000    00004100   00004100    r-x
  00000000    00000000    0000026c   0000026c    r-- .intvecs
  0000026c    0000026c    00003a8c   00003a8c    r-x .text
  00003cf8    00003cf8    0000035e   0000035e    r-- .const
  00004058    00004058    000000a8   000000a8    r-- .cinit
20000000    20000000    00000670   00000000    rw-
  20000000    20000000    0000026c   00000000    rw- .vtable
  2000026c    2000026c    00000400   00000000    rw- .stack
  2000066c    2000066c    00000004   00000000    rw- .bss
20000670    20000670    00000200   00000200    rw-
  20000670    20000670    00000200   00000200    rw- .data


SECTION ALLOCATION MAP

 output                                  attributes/
section   page    origin      length       input sections
--------  ----  ----------  ----------   ----------------
.intvecs   0    00000000    0000026c     
                  00000000    0000026c     startup_ccs.obj (.intvecs)

.init_array 
*          0    00000000    00000000     UNINITIALIZED

.text      0    0000026c    00003a8c     
                  0000026c    000004ec     rtsv7M4_T_le_v4SPD16_eabi.lib : pow.obj (.text)
                  00000758    000004c8     uart_echo.obj (.text:main)
                  00000c20    00000458     uart_echo.obj (.text:getDistance)
                  00001078    00000404     ustdlib.obj (.text:uvsnprintf)
                  0000147c    00000324     rtsv7M4_T_le_v4SPD16_eabi.lib : xlog.obj (.text)
                  000017a0    000002c4                                   : xsin.obj (.text)
                  00001a64    00000210                                   : xexp.obj (.text)
                  00001c74    000001f4     uart_echo.obj (.text:UART3IntHandler)
                  00001e68    000001d8     driverlib-cm4f.lib : sysctl.obj (.text:SysCtlClockGet)
                  00002040    000001b6     rtsv7M4_T_le_v4SPD16_eabi.lib : fd_add_t2.obj (.text)
                  000021f6    00000002     startup_ccs.obj (.text:FaultISR)
                  000021f8    000001a8     rtsv7M4_T_le_v4SPD16_eabi.lib : xatan.obj (.text)
                  000023a0    0000017c                                   : fmod.obj (.text)
                  0000251c    00000168                                   : sqrt.obj (.text)
                  00002684    00000136                                   : fd_div_t2.obj (.text)
                  000027ba    00000002     startup_ccs.obj (.text:IntDefaultHandler)
                  000027bc    00000120     rtsv7M4_T_le_v4SPD16_eabi.lib : atan2.obj (.text)
                  000028dc    00000108                                   : xdscale.obj (.text)
                  000029e4    000000fc                                   : fd_mul_t2.obj (.text)
                  00002ae0    000000f8     lcd44780_LP.obj (.text:initLCD)
                  00002bd8    000000c8     driverlib-cm4f.lib : gpio.obj (.text:GPIOPadConfigSet)
                  00002ca0    000000c8     rtsv7M4_T_le_v4SPD16_eabi.lib : xdint.obj (.text)
                  00002d68    000000c0     driverlib-cm4f.lib : eeprom.obj (.text:EEPROMProgram)
                  00002e28    000000be     rtsv7M4_T_le_v4SPD16_eabi.lib : xdnorm.obj (.text)
                  00002ee6    0000009c                                   : memcpy_t2.obj (.text)
                  00002f82    00000002     startup_ccs.obj (.text:NmiSR)
                  00002f84    00000094     driverlib-cm4f.lib : sysctl.obj (.text:SysCtlPeripheralReset)
                  00003018    00000094     rtsv7M4_T_le_v4SPD16_eabi.lib : auto_init.obj (.text)
                  000030ac    00000090     lcd44780_LP.obj (.text:LCDCommand)
                  0000313c    00000090     lcd44780_LP.obj (.text:LCDWrite)
                  000031cc    00000086     lcd44780_LP.obj (.text:LCDWriteText)
                  00003252    0000007e     rtsv7M4_T_le_v4SPD16_eabi.lib : fd_cmp_t2.obj (.text)
                  000032d0    0000006c     uart_echo.obj (.text:openLock)
                  0000333c    00000064     driverlib-cm4f.lib : interrupt.obj (.text:IntEnable)
                  000033a0    00000064     rtsv7M4_T_le_v4SPD16_eabi.lib : xdunscal.obj (.text)
                  00003404    0000005e                                   : copy_decompress_rle.obj (.text)
                  00003462    00000002     --HOLE-- [fill = 0]
                  00003464    00000058     driverlib-cm4f.lib : sysctl.obj (.text:SysCtlPeripheralEnable)
                  000034bc    00000058     ustdlib.obj (.text:ustrncpy)
                  00003514    00000050     uart_echo.obj (.text:UARTIntHandler)
                  00003564    0000004c     driverlib-cm4f.lib : hibernate.obj (.text:HibernateEnableExpClk)
                  000035b0    0000004c     rtsv7M4_T_le_v4SPD16_eabi.lib : cpy_tbl.obj (.text)
                  000035fc    0000004a                                   : fd_tos_t2.obj (.text)
                  00003646    00000002     --HOLE-- [fill = 0]
                  00003648    00000048     driverlib-cm4f.lib : gpio.obj (.text:GPIOPinConfigure)
                  00003690    00000048     uart_echo.obj (.text:ServoDriver)
                  000036d8    00000048     rtsv7M4_T_le_v4SPD16_eabi.lib : boot.obj (.text)
                  00003720    00000048                                   : fd_toi_t2.obj (.text)
                  00003768    00000044     driverlib-cm4f.lib : eeprom.obj (.text:EEPROMInit)
                  000037ac    00000044     rtsv7M4_T_le_v4SPD16_eabi.lib : exit.obj (.text)
                  000037f0    00000044                                   : xdtest.obj (.text)
                  00003834    00000042                                   : u_divt2.obj (.text)
                  00003876    00000002     --HOLE-- [fill = 0]
                  00003878    00000040                                   : signal.obj (.text)
                  000038b8    0000003c     driverlib-cm4f.lib : eeprom.obj (.text:EEPROMSetSectorMask)
                  000038f4    00000038                        : hibernate.obj (.text:HibernateWriteComplete)
                  0000392c    00000038     rtsv7M4_T_le_v4SPD16_eabi.lib : fs_tod_t2.obj (.text)
                  00003964    00000034     driverlib-cm4f.lib : eeprom.obj (.text:EEPROMClearSectorMask)
                  00003998    00000034                        : interrupt.obj (.text:IntRegister)
                  000039cc    00000034     rtsv7M4_T_le_v4SPD16_eabi.lib : feraiseexcept.obj (.text)
                  00003a00    00000030     driverlib-cm4f.lib : eeprom.obj (.text:EEPROMRead)
                  00003a30    00000030     rtsv7M4_T_le_v4SPD16_eabi.lib : xferaise.obj (.text)
                  00003a60    00000030     ustdlib.obj (.text:usnprintf)
                  00003a90    0000002e     driverlib-cm4f.lib : gpio.obj (.text:GPIODirModeSet)
                  00003abe    0000002e     rtsv7M4_T_le_v4SPD16_eabi.lib : i_tofd_t2.obj (.text)
                  00003aec    0000002e                                   : raise.obj (.text)
                  00003b1a    00000002     --HOLE-- [fill = 0]
                  00003b1c    00000024     driverlib-cm4f.lib : hibernate.obj (.text:HibernateIntStatus)
                  00003b40    0000001c                        : systick.obj (.text:SysTickIntRegister)
                  00003b5c    0000001a     rtsv7M4_T_le_v4SPD16_eabi.lib : cos.obj (.text)
                  00003b76    0000001a                                   : log.obj (.text)
                  00003b90    0000001a                                   : sin.obj (.text)
                  00003baa    00000002     --HOLE-- [fill = 0]
                  00003bac    00000018                                   : _lock.obj (.text)
                  00003bc4    00000018                                   : args_main.obj (.text)
                  00003bdc    00000014     driverlib-cm4f.lib : hibernate.obj (.text:HibernateClockSelect)
                  00003bf0    00000014                        : hibernate.obj (.text:HibernateGPIORetentionEnable)
                  00003c04    00000014                        : hibernate.obj (.text:HibernateIntClear)
                  00003c18    00000014                        : hibernate.obj (.text:HibernateIntEnable)
                  00003c2c    00000014                        : hibernate.obj (.text:HibernateWakeSet)
                  00003c40    00000014                        : systick.obj (.text:SysTickEnable)
                  00003c54    00000014                        : systick.obj (.text:SysTickIntEnable)
                  00003c68    00000012                        : gpio.obj (.text:GPIOPinTypeGPIOOutput)
                  00003c7a    00000012                        : hibernate.obj (.text:HibernateIntRegister)
                  00003c8c    00000012     rtsv7M4_T_le_v4SPD16_eabi.lib : copy_zero_init.obj (.text:decompress:ZI)
                  00003c9e    00000002     --HOLE-- [fill = 0]
                  00003ca0    00000010     driverlib-cm4f.lib : eeprom.obj (.text:EEPROMWaitForDone)
                  00003cb0    00000010                        : systick.obj (.text:SysTickPeriodSet)
                  00003cc0    0000000e     uart_echo.obj (.text:HibernateInterrupt)
                  00003cce    0000000e     rtsv7M4_T_le_v4SPD16_eabi.lib : copy_decompress_none.obj (.text:decompress:none)
                  00003cdc    0000000a     driverlib-cm4f.lib : gpio.obj (.text:GPIOPinWrite)
                  00003ce6    00000006     startup_ccs.obj (.text:ResetISR)
                  00003cec    00000006     driverlib-cm4f.lib : sysctl.obj (.text:SysCtlDelay)
                  00003cf2    00000006     rtsv7M4_T_le_v4SPD16_eabi.lib : copy_decompress_rle.obj (.text:decompress:rle24)

.const     0    00003cf8    0000035e     
                  00003cf8    00000078     driverlib-cm4f.lib : gpio.obj (.const:g_pulGPIOBaseAddrs)
                  00003d70    00000070                        : interrupt.obj (.const)
                  00003de0    0000006c                        : sysctl.obj (.const:g_pulXtals)
                  00003e4c    00000004     --HOLE-- [fill = 0]
                  00003e50    00000048     rtsv7M4_T_le_v4SPD16_eabi.lib : xatan.obj (.const)
                  00003e98    00000048                                   : xexp.obj (.const)
                  00003ee0    00000040                                   : xatan.obj (.const:a)
                  00003f20    00000040     driverlib-cm4f.lib : sysctl.obj (.const)
                  00003f60    00000038     rtsv7M4_T_le_v4SPD16_eabi.lib : xlog.obj (.const:p)
                  00003f98    00000030                                   : xsin.obj (.const:c)
                  00003fc8    00000030                                   : xdint.obj (.const)
                  00003ff8    00000030                                   : xsin.obj (.const:s)
                  00004028    0000001c     ustdlib.obj (.const)
                  00004044    00000012     ustdlib.obj (.const:.string)

.cinit     0    00004058    000000a8     
                  00004058    00000074     (.cinit..data.load) [load image, compression = rle]
                  000040cc    0000000c     (__TI_handler_table)
                  000040d8    00000008     (.cinit..bss.load) [load image, compression = zero_init]
                  000040e0    00000008     (.cinit..vtable.load) [load image, compression = zero_init]
                  000040e8    00000018     (__TI_cinit_table)

.vtable    0    20000000    0000026c     UNINITIALIZED
                  20000000    0000026c     driverlib-cm4f.lib : interrupt.obj (.vtable)

.stack     0    2000026c    00000400     UNINITIALIZED
                  2000026c    00000400     --HOLE--

.bss       0    2000066c    00000004     UNINITIALIZED
                  2000066c    00000004     driverlib-cm4f.lib : hibernate.obj (.bss)

.data      0    20000670    00000200     
                  20000670    000000b0     rtsv7M4_T_le_v4SPD16_eabi.lib : signal.obj (.data:sigtable)
                  20000720    00000080                                   : xvalues.obj (.data)
                  200007a0    00000068                                   : xfvalues.obj (.data)
                  20000808    00000048     uart_echo.obj (.data)
                  20000850    00000008     rtsv7M4_T_le_v4SPD16_eabi.lib : _lock.obj (.data)
                  20000858    00000008                                   : exit.obj (.data)
                  20000860    00000008                                   : feraiseexcept.obj (.data)
                  20000868    00000004                                   : errno.obj (.data)
                  2000086c    00000004                                   : stkdepth_vars.obj (.data)


LINKER GENERATED COPY TABLES

__TI_cinit_table @ 000040e8 records: 3, size/record: 8, table size: 24
	.data: load addr=00004058, load size=00000074 bytes, run addr=20000670, run size=00000200 bytes, compression=rle
	.bss: load addr=000040d8, load size=00000008 bytes, run addr=2000066c, run size=00000004 bytes, compression=zero_init
	.vtable: load addr=000040e0, load size=00000008 bytes, run addr=20000000, run size=0000026c bytes, compression=zero_init


LINKER GENERATED HANDLER TABLE

__TI_handler_table @ 000040cc records: 3, size/record: 4, table size: 12
	index: 0, handler: __TI_zero_init
	index: 1, handler: __TI_decompress_rle24
	index: 2, handler: __TI_decompress_none


GLOBAL SYMBOLS: SORTED ALPHABETICALLY BY Name 

address    name
--------   ----
000037ad   C$$EXIT
00003769   EEPROMInit
00002d69   EEPROMProgram
00003a01   EEPROMRead
00003a91   GPIODirModeSet
00002bd9   GPIOPadConfigSet
00003649   GPIOPinConfigure
00003c69   GPIOPinTypeGPIOOutput
00003cdd   GPIOPinWrite
00003bdd   HibernateClockSelect
00003565   HibernateEnableExpClk
00003bf1   HibernateGPIORetentionEnable
00003c05   HibernateIntClear
00003c19   HibernateIntEnable
00003c7b   HibernateIntRegister
00003b1d   HibernateIntStatus
00003cc1   HibernateInterrupt
00003c2d   HibernateWakeSet
000038f5   HibernateWriteComplete
0000333d   IntEnable
00003999   IntRegister
000030ad   LCDCommand
0000313d   LCDWrite
000031cd   LCDWriteText
00003ce7   ResetISR
UNDEFED    SHT$$INIT_ARRAY$$Base
UNDEFED    SHT$$INIT_ARRAY$$Limit
00003691   ServoDriver
00001e69   SysCtlClockGet
00003ced   SysCtlDelay
00003465   SysCtlPeripheralEnable
00002f85   SysCtlPeripheralReset
00003c41   SysTickEnable
00003c55   SysTickIntEnable
00003b41   SysTickIntRegister
00003cb1   SysTickPeriodSet
00001c75   UART3IntHandler
00003515   UARTIntHandler
000021f9   _Atan
20000720   _Denorm
00002ca1   _Dint
00002e29   _Dnorm
000028dd   _Dscale
000037f1   _Dtest
000033a1   _Dunscale
20000730   _Eps
20000868   _Errno
00001a65   _Exp
200007a0   _FDenorm
200007b0   _FEps
200007c0   _FInf
200007d0   _FNan
200007f0   _FRteps
200007e0   _FSnan
20000800   _FXbig
20000804   _FZero
20000860   _Fenv
00003a31   _Feraise
20000740   _Hugeval
20000750   _Inf
0000147d   _Log
20000760   _Nan
20000780   _Rteps
000017a1   _Sin
20000770   _Snan
20000864   _Tls_setup__Fenv
20000790   _Xbig
20000798   _Zero
2000066c   __STACK_END
00000400   __STACK_SIZE
2000036c   __STACK_TOP
000040e8   __TI_CINIT_Base
00004100   __TI_CINIT_Limit
000040cc   __TI_Handler_Table_Base
000040d8   __TI_Handler_Table_Limit
00000001   __TI_args_main
00003019   __TI_auto_init
00003ccf   __TI_decompress_none
00003cf3   __TI_decompress_rle24
00000000   __TI_static_base__
00003c8d   __TI_zero_init
00003253   __aeabi_cdcmpeq
00003253   __aeabi_cdcmple
000035fd   __aeabi_d2f
00003721   __aeabi_d2iz
0000204b   __aeabi_dadd
00002685   __aeabi_ddiv
000029e5   __aeabi_dmul
00002041   __aeabi_dsub
0000392d   __aeabi_f2d
00003abf   __aeabi_i2d
00002ee7   __aeabi_memcpy
00002ee7   __aeabi_memcpy4
00002ee7   __aeabi_memcpy8
00003835   __aeabi_uidivmod
ffffffff   __binit__
ffffffff   __c_args__
2000026c   __stack
00003bc5   _args_main
000036d9   _c_int00
20000858   _cleanup_ptr
2000085c   _dtors_ptr
20000850   _lock
00003bb9   _nop
00003bb3   _register_lock
00003bad   _register_unlock
20000854   _unlock
000037b1   abort
000027bd   atan2
ffffffff   binit
000035b1   copy_in
00003b5d   cos
2000080c   eepromAddress
000037b9   exit
000039cd   feraiseexcept
000023a1   fmod
20000000   g_pfnRAMVectors
00000000   g_pfnVectors
00000c21   getDistance
2000084c   haveFix
00002ae1   initLCD
20000808   initialNumTries
20000824   latitude
00003b77   log
20000834   longitude
00000759   main
2000086c   main_func_sp
00002ee7   memcpy
20000844   neglat
20000848   neglong
20000820   nmea_state
20000814   numTries
20000810   numTrieslong
000032d1   openLock
0000026d   pow
00003aed   raise
20000818   servomson
2000081c   servotimer
00003879   signal
00003b91   sin
0000251d   sqrt
00003a61   usnprintf
000034bd   ustrncpy
00001079   uvsnprintf


GLOBAL SYMBOLS: SORTED BY Symbol Address 

address    name
--------   ----
00000000   __TI_static_base__
00000000   g_pfnVectors
00000001   __TI_args_main
0000026d   pow
00000400   __STACK_SIZE
00000759   main
00000c21   getDistance
00001079   uvsnprintf
0000147d   _Log
000017a1   _Sin
00001a65   _Exp
00001c75   UART3IntHandler
00001e69   SysCtlClockGet
00002041   __aeabi_dsub
0000204b   __aeabi_dadd
000021f9   _Atan
000023a1   fmod
0000251d   sqrt
00002685   __aeabi_ddiv
000027bd   atan2
000028dd   _Dscale
000029e5   __aeabi_dmul
00002ae1   initLCD
00002bd9   GPIOPadConfigSet
00002ca1   _Dint
00002d69   EEPROMProgram
00002e29   _Dnorm
00002ee7   __aeabi_memcpy
00002ee7   __aeabi_memcpy4
00002ee7   __aeabi_memcpy8
00002ee7   memcpy
00002f85   SysCtlPeripheralReset
00003019   __TI_auto_init
000030ad   LCDCommand
0000313d   LCDWrite
000031cd   LCDWriteText
00003253   __aeabi_cdcmpeq
00003253   __aeabi_cdcmple
000032d1   openLock
0000333d   IntEnable
000033a1   _Dunscale
00003465   SysCtlPeripheralEnable
000034bd   ustrncpy
00003515   UARTIntHandler
00003565   HibernateEnableExpClk
000035b1   copy_in
000035fd   __aeabi_d2f
00003649   GPIOPinConfigure
00003691   ServoDriver
000036d9   _c_int00
00003721   __aeabi_d2iz
00003769   EEPROMInit
000037ad   C$$EXIT
000037b1   abort
000037b9   exit
000037f1   _Dtest
00003835   __aeabi_uidivmod
00003879   signal
000038f5   HibernateWriteComplete
0000392d   __aeabi_f2d
00003999   IntRegister
000039cd   feraiseexcept
00003a01   EEPROMRead
00003a31   _Feraise
00003a61   usnprintf
00003a91   GPIODirModeSet
00003abf   __aeabi_i2d
00003aed   raise
00003b1d   HibernateIntStatus
00003b41   SysTickIntRegister
00003b5d   cos
00003b77   log
00003b91   sin
00003bad   _register_unlock
00003bb3   _register_lock
00003bb9   _nop
00003bc5   _args_main
00003bdd   HibernateClockSelect
00003bf1   HibernateGPIORetentionEnable
00003c05   HibernateIntClear
00003c19   HibernateIntEnable
00003c2d   HibernateWakeSet
00003c41   SysTickEnable
00003c55   SysTickIntEnable
00003c69   GPIOPinTypeGPIOOutput
00003c7b   HibernateIntRegister
00003c8d   __TI_zero_init
00003cb1   SysTickPeriodSet
00003cc1   HibernateInterrupt
00003ccf   __TI_decompress_none
00003cdd   GPIOPinWrite
00003ce7   ResetISR
00003ced   SysCtlDelay
00003cf3   __TI_decompress_rle24
000040cc   __TI_Handler_Table_Base
000040d8   __TI_Handler_Table_Limit
000040e8   __TI_CINIT_Base
00004100   __TI_CINIT_Limit
20000000   g_pfnRAMVectors
2000026c   __stack
2000036c   __STACK_TOP
2000066c   __STACK_END
20000720   _Denorm
20000730   _Eps
20000740   _Hugeval
20000750   _Inf
20000760   _Nan
20000770   _Snan
20000780   _Rteps
20000790   _Xbig
20000798   _Zero
200007a0   _FDenorm
200007b0   _FEps
200007c0   _FInf
200007d0   _FNan
200007e0   _FSnan
200007f0   _FRteps
20000800   _FXbig
20000804   _FZero
20000808   initialNumTries
2000080c   eepromAddress
20000810   numTrieslong
20000814   numTries
20000818   servomson
2000081c   servotimer
20000820   nmea_state
20000824   latitude
20000834   longitude
20000844   neglat
20000848   neglong
2000084c   haveFix
20000850   _lock
20000854   _unlock
20000858   _cleanup_ptr
2000085c   _dtors_ptr
20000860   _Fenv
20000864   _Tls_setup__Fenv
20000868   _Errno
2000086c   main_func_sp
ffffffff   __binit__
ffffffff   __c_args__
ffffffff   binit
UNDEFED    SHT$$INIT_ARRAY$$Base
UNDEFED    SHT$$INIT_ARRAY$$Limit

[144 symbols]
