******************************************************************************
                  TMS470 Linker PC v4.9.5                      
******************************************************************************
>> Linked Fri Apr 12 00:15:52 2013

OUTPUT FILE NAME:   <uart_echo.out>
ENTRY POINT SYMBOL: "_c_int00"  address: 0000362d


MEMORY CONFIGURATION

         name            origin    length      used     unused   attr    fill
----------------------  --------  ---------  --------  --------  ----  --------
  FLASH                 00000000   00040000  00004066  0003bf9a  R  X
  SRAM                  20000000   00008000  00000870  00007790  RW X


SEGMENT ALLOCATION MAP

run origin  load origin   length   init length attrs members
----------  ----------- ---------- ----------- ----- -------
00000000    00000000    00004068   00004068    r-x
  00000000    00000000    0000026c   0000026c    r-- .intvecs
  0000026c    0000026c    000039f4   000039f4    r-x .text
  00003c60    00003c60    0000035e   0000035e    r-- .const
  00003fc0    00003fc0    000000a8   000000a8    r-- .cinit
20000000    20000000    00000670   00000000    rw-
  20000000    20000000    0000026c   00000000    rw- .vtable
  2000026c    2000026c    00000400   00000000    rw- .stack
  2000066c    2000066c    00000004   00000000    rw- .bss
20000670    20000670    00000200   00000200    rw-
  20000670    20000670    00000200   00000200    rw- .data


SECTION ALLOCATION MAP

 output                                  attributes/
section   page    origin      length       input sections
--------  ----  ----------  ----------   ----------------
.intvecs   0    00000000    0000026c     
                  00000000    0000026c     startup_ccs.obj (.intvecs)

.init_array 
*          0    00000000    00000000     UNINITIALIZED

.text      0    0000026c    000039f4     
                  0000026c    000004ec     rtsv7M4_T_le_v4SPD16_eabi.lib : pow.obj (.text)
                  00000758    00000468     uart_echo.obj (.text:getDistance)
                  00000bc0    0000040c     uart_echo.obj (.text:main)
                  00000fcc    00000404     ustdlib.obj (.text:uvsnprintf)
                  000013d0    00000324     rtsv7M4_T_le_v4SPD16_eabi.lib : xlog.obj (.text)
                  000016f4    000002c4                                   : xsin.obj (.text)
                  000019b8    00000210                                   : xexp.obj (.text)
                  00001bc8    000001f4     uart_echo.obj (.text:UART3IntHandler)
                  00001dbc    000001d8     driverlib-cm4f.lib : sysctl.obj (.text:SysCtlClockGet)
                  00001f94    000001b6     rtsv7M4_T_le_v4SPD16_eabi.lib : fd_add_t2.obj (.text)
                  0000214a    00000002     startup_ccs.obj (.text:FaultISR)
                  0000214c    000001a8     rtsv7M4_T_le_v4SPD16_eabi.lib : xatan.obj (.text)
                  000022f4    0000017c                                   : fmod.obj (.text)
                  00002470    00000168                                   : sqrt.obj (.text)
                  000025d8    00000136                                   : fd_div_t2.obj (.text)
                  0000270e    00000002     startup_ccs.obj (.text:IntDefaultHandler)
                  00002710    00000120     rtsv7M4_T_le_v4SPD16_eabi.lib : atan2.obj (.text)
                  00002830    00000108                                   : xdscale.obj (.text)
                  00002938    000000fc                                   : fd_mul_t2.obj (.text)
                  00002a34    000000f8     lcd44780_LP.obj (.text:initLCD)
                  00002b2c    000000c8     driverlib-cm4f.lib : gpio.obj (.text:GPIOPadConfigSet)
                  00002bf4    000000c8     rtsv7M4_T_le_v4SPD16_eabi.lib : xdint.obj (.text)
                  00002cbc    000000c0     driverlib-cm4f.lib : eeprom.obj (.text:EEPROMProgram)
                  00002d7c    000000be     rtsv7M4_T_le_v4SPD16_eabi.lib : xdnorm.obj (.text)
                  00002e3a    0000009c                                   : memcpy_t2.obj (.text)
                  00002ed6    00000002     startup_ccs.obj (.text:NmiSR)
                  00002ed8    00000094     driverlib-cm4f.lib : sysctl.obj (.text:SysCtlPeripheralReset)
                  00002f6c    00000094     rtsv7M4_T_le_v4SPD16_eabi.lib : auto_init.obj (.text)
                  00003000    00000090     lcd44780_LP.obj (.text:LCDCommand)
                  00003090    00000090     lcd44780_LP.obj (.text:LCDWrite)
                  00003120    00000086     lcd44780_LP.obj (.text:LCDWriteText)
                  000031a6    0000007e     rtsv7M4_T_le_v4SPD16_eabi.lib : fd_cmp_t2.obj (.text)
                  00003224    0000006c     uart_echo.obj (.text:openLock)
                  00003290    00000064     driverlib-cm4f.lib : interrupt.obj (.text:IntEnable)
                  000032f4    00000064     rtsv7M4_T_le_v4SPD16_eabi.lib : xdunscal.obj (.text)
                  00003358    0000005e                                   : copy_decompress_rle.obj (.text)
                  000033b6    00000002     --HOLE-- [fill = 0]
                  000033b8    00000058     driverlib-cm4f.lib : sysctl.obj (.text:SysCtlPeripheralEnable)
                  00003410    00000058     ustdlib.obj (.text:ustrncpy)
                  00003468    00000050     uart_echo.obj (.text:UARTIntHandler)
                  000034b8    0000004c     driverlib-cm4f.lib : hibernate.obj (.text:HibernateEnableExpClk)
                  00003504    0000004c     rtsv7M4_T_le_v4SPD16_eabi.lib : cpy_tbl.obj (.text)
                  00003550    0000004a                                   : fd_tos_t2.obj (.text)
                  0000359a    00000002     --HOLE-- [fill = 0]
                  0000359c    00000048     driverlib-cm4f.lib : gpio.obj (.text:GPIOPinConfigure)
                  000035e4    00000048     uart_echo.obj (.text:ServoDriver)
                  0000362c    00000048     rtsv7M4_T_le_v4SPD16_eabi.lib : boot.obj (.text)
                  00003674    00000048                                   : fd_toi_t2.obj (.text)
                  000036bc    00000044     driverlib-cm4f.lib : eeprom.obj (.text:EEPROMInit)
                  00003700    00000044     rtsv7M4_T_le_v4SPD16_eabi.lib : exit.obj (.text)
                  00003744    00000044                                   : xdtest.obj (.text)
                  00003788    00000042                                   : u_divt2.obj (.text)
                  000037ca    00000002     --HOLE-- [fill = 0]
                  000037cc    00000040                                   : signal.obj (.text)
                  0000380c    0000003c     driverlib-cm4f.lib : eeprom.obj (.text:EEPROMSetSectorMask)
                  00003848    00000038                        : hibernate.obj (.text:HibernateWriteComplete)
                  00003880    00000038     rtsv7M4_T_le_v4SPD16_eabi.lib : fs_tod_t2.obj (.text)
                  000038b8    00000034     driverlib-cm4f.lib : eeprom.obj (.text:EEPROMClearSectorMask)
                  000038ec    00000034                        : interrupt.obj (.text:IntRegister)
                  00003920    00000034     rtsv7M4_T_le_v4SPD16_eabi.lib : feraiseexcept.obj (.text)
                  00003954    00000030     driverlib-cm4f.lib : eeprom.obj (.text:EEPROMRead)
                  00003984    00000030     rtsv7M4_T_le_v4SPD16_eabi.lib : xferaise.obj (.text)
                  000039b4    00000030     ustdlib.obj (.text:usnprintf)
                  000039e4    0000002e     driverlib-cm4f.lib : gpio.obj (.text:GPIODirModeSet)
                  00003a12    0000002e     rtsv7M4_T_le_v4SPD16_eabi.lib : i_tofd_t2.obj (.text)
                  00003a40    0000002e                                   : raise.obj (.text)
                  00003a6e    00000002     --HOLE-- [fill = 0]
                  00003a70    00000024     driverlib-cm4f.lib : hibernate.obj (.text:HibernateIntStatus)
                  00003a94    0000001c                        : systick.obj (.text:SysTickIntRegister)
                  00003ab0    0000001a     rtsv7M4_T_le_v4SPD16_eabi.lib : cos.obj (.text)
                  00003aca    0000001a                                   : log.obj (.text)
                  00003ae4    0000001a                                   : sin.obj (.text)
                  00003afe    00000002     --HOLE-- [fill = 0]
                  00003b00    00000018                                   : _lock.obj (.text)
                  00003b18    00000018                                   : args_main.obj (.text)
                  00003b30    00000014     driverlib-cm4f.lib : hibernate.obj (.text:HibernateClockSelect)
                  00003b44    00000014                        : hibernate.obj (.text:HibernateGPIORetentionEnable)
                  00003b58    00000014                        : hibernate.obj (.text:HibernateIntClear)
                  00003b6c    00000014                        : hibernate.obj (.text:HibernateIntEnable)
                  00003b80    00000014                        : hibernate.obj (.text:HibernateRequest)
                  00003b94    00000014                        : hibernate.obj (.text:HibernateWakeSet)
                  00003ba8    00000014                        : systick.obj (.text:SysTickEnable)
                  00003bbc    00000014                        : systick.obj (.text:SysTickIntEnable)
                  00003bd0    00000012                        : gpio.obj (.text:GPIOPinTypeGPIOOutput)
                  00003be2    00000012                        : hibernate.obj (.text:HibernateIntRegister)
                  00003bf4    00000012     rtsv7M4_T_le_v4SPD16_eabi.lib : copy_zero_init.obj (.text:decompress:ZI)
                  00003c06    00000002     --HOLE-- [fill = 0]
                  00003c08    00000010     driverlib-cm4f.lib : eeprom.obj (.text:EEPROMWaitForDone)
                  00003c18    00000010                        : systick.obj (.text:SysTickPeriodSet)
                  00003c28    0000000e     uart_echo.obj (.text:HibernateInterrupt)
                  00003c36    0000000e     rtsv7M4_T_le_v4SPD16_eabi.lib : copy_decompress_none.obj (.text:decompress:none)
                  00003c44    0000000a     driverlib-cm4f.lib : gpio.obj (.text:GPIOPinWrite)
                  00003c4e    00000006     startup_ccs.obj (.text:ResetISR)
                  00003c54    00000006     driverlib-cm4f.lib : sysctl.obj (.text:SysCtlDelay)
                  00003c5a    00000006     rtsv7M4_T_le_v4SPD16_eabi.lib : copy_decompress_rle.obj (.text:decompress:rle24)

.const     0    00003c60    0000035e     
                  00003c60    00000078     driverlib-cm4f.lib : gpio.obj (.const:g_pulGPIOBaseAddrs)
                  00003cd8    00000070                        : interrupt.obj (.const)
                  00003d48    0000006c                        : sysctl.obj (.const:g_pulXtals)
                  00003db4    00000004     --HOLE-- [fill = 0]
                  00003db8    00000048     rtsv7M4_T_le_v4SPD16_eabi.lib : xatan.obj (.const)
                  00003e00    00000048                                   : xexp.obj (.const)
                  00003e48    00000040                                   : xatan.obj (.const:a)
                  00003e88    00000040     driverlib-cm4f.lib : sysctl.obj (.const)
                  00003ec8    00000038     rtsv7M4_T_le_v4SPD16_eabi.lib : xlog.obj (.const:p)
                  00003f00    00000030                                   : xsin.obj (.const:c)
                  00003f30    00000030                                   : xdint.obj (.const)
                  00003f60    00000030                                   : xsin.obj (.const:s)
                  00003f90    0000001c     ustdlib.obj (.const)
                  00003fac    00000012     ustdlib.obj (.const:.string)

.cinit     0    00003fc0    000000a8     
                  00003fc0    00000074     (.cinit..data.load) [load image, compression = rle]
                  00004034    0000000c     (__TI_handler_table)
                  00004040    00000008     (.cinit..bss.load) [load image, compression = zero_init]
                  00004048    00000008     (.cinit..vtable.load) [load image, compression = zero_init]
                  00004050    00000018     (__TI_cinit_table)

.vtable    0    20000000    0000026c     UNINITIALIZED
                  20000000    0000026c     driverlib-cm4f.lib : interrupt.obj (.vtable)

.stack     0    2000026c    00000400     UNINITIALIZED
                  2000026c    00000400     --HOLE--

.bss       0    2000066c    00000004     UNINITIALIZED
                  2000066c    00000004     driverlib-cm4f.lib : hibernate.obj (.bss)

.data      0    20000670    00000200     
                  20000670    000000b0     rtsv7M4_T_le_v4SPD16_eabi.lib : signal.obj (.data:sigtable)
                  20000720    00000080                                   : xvalues.obj (.data)
                  200007a0    00000068                                   : xfvalues.obj (.data)
                  20000808    00000048     uart_echo.obj (.data)
                  20000850    00000008     rtsv7M4_T_le_v4SPD16_eabi.lib : _lock.obj (.data)
                  20000858    00000008                                   : exit.obj (.data)
                  20000860    00000008                                   : feraiseexcept.obj (.data)
                  20000868    00000004                                   : errno.obj (.data)
                  2000086c    00000004                                   : stkdepth_vars.obj (.data)


LINKER GENERATED COPY TABLES

__TI_cinit_table @ 00004050 records: 3, size/record: 8, table size: 24
	.data: load addr=00003fc0, load size=00000074 bytes, run addr=20000670, run size=00000200 bytes, compression=rle
	.bss: load addr=00004040, load size=00000008 bytes, run addr=2000066c, run size=00000004 bytes, compression=zero_init
	.vtable: load addr=00004048, load size=00000008 bytes, run addr=20000000, run size=0000026c bytes, compression=zero_init


LINKER GENERATED HANDLER TABLE

__TI_handler_table @ 00004034 records: 3, size/record: 4, table size: 12
	index: 0, handler: __TI_zero_init
	index: 1, handler: __TI_decompress_rle24
	index: 2, handler: __TI_decompress_none


GLOBAL SYMBOLS: SORTED ALPHABETICALLY BY Name 

address    name
--------   ----
00003701   C$$EXIT
000036bd   EEPROMInit
00002cbd   EEPROMProgram
00003955   EEPROMRead
000039e5   GPIODirModeSet
00002b2d   GPIOPadConfigSet
0000359d   GPIOPinConfigure
00003bd1   GPIOPinTypeGPIOOutput
00003c45   GPIOPinWrite
00003b31   HibernateClockSelect
000034b9   HibernateEnableExpClk
00003b45   HibernateGPIORetentionEnable
00003b59   HibernateIntClear
00003b6d   HibernateIntEnable
00003be3   HibernateIntRegister
00003a71   HibernateIntStatus
00003c29   HibernateInterrupt
00003b81   HibernateRequest
00003b95   HibernateWakeSet
00003849   HibernateWriteComplete
00003291   IntEnable
000038ed   IntRegister
00003001   LCDCommand
00003091   LCDWrite
00003121   LCDWriteText
00003c4f   ResetISR
UNDEFED    SHT$$INIT_ARRAY$$Base
UNDEFED    SHT$$INIT_ARRAY$$Limit
000035e5   ServoDriver
00001dbd   SysCtlClockGet
00003c55   SysCtlDelay
000033b9   SysCtlPeripheralEnable
00002ed9   SysCtlPeripheralReset
00003ba9   SysTickEnable
00003bbd   SysTickIntEnable
00003a95   SysTickIntRegister
00003c19   SysTickPeriodSet
00001bc9   UART3IntHandler
00003469   UARTIntHandler
0000214d   _Atan
20000720   _Denorm
00002bf5   _Dint
00002d7d   _Dnorm
00002831   _Dscale
00003745   _Dtest
000032f5   _Dunscale
20000730   _Eps
20000868   _Errno
000019b9   _Exp
200007a0   _FDenorm
200007b0   _FEps
200007c0   _FInf
200007d0   _FNan
200007f0   _FRteps
200007e0   _FSnan
20000800   _FXbig
20000804   _FZero
20000860   _Fenv
00003985   _Feraise
20000740   _Hugeval
20000750   _Inf
000013d1   _Log
20000760   _Nan
20000780   _Rteps
000016f5   _Sin
20000770   _Snan
20000864   _Tls_setup__Fenv
20000790   _Xbig
20000798   _Zero
2000066c   __STACK_END
00000400   __STACK_SIZE
2000036c   __STACK_TOP
00004050   __TI_CINIT_Base
00004068   __TI_CINIT_Limit
00004034   __TI_Handler_Table_Base
00004040   __TI_Handler_Table_Limit
00000001   __TI_args_main
00002f6d   __TI_auto_init
00003c37   __TI_decompress_none
00003c5b   __TI_decompress_rle24
00000000   __TI_static_base__
00003bf5   __TI_zero_init
000031a7   __aeabi_cdcmpeq
000031a7   __aeabi_cdcmple
00003551   __aeabi_d2f
00003675   __aeabi_d2iz
00001f9f   __aeabi_dadd
000025d9   __aeabi_ddiv
00002939   __aeabi_dmul
00001f95   __aeabi_dsub
00003881   __aeabi_f2d
00003a13   __aeabi_i2d
00002e3b   __aeabi_memcpy
00002e3b   __aeabi_memcpy4
00002e3b   __aeabi_memcpy8
00003789   __aeabi_uidivmod
ffffffff   __binit__
ffffffff   __c_args__
2000026c   __stack
00003b19   _args_main
0000362d   _c_int00
20000858   _cleanup_ptr
2000085c   _dtors_ptr
20000850   _lock
00003b0d   _nop
00003b07   _register_lock
00003b01   _register_unlock
20000854   _unlock
00003705   abort
00002711   atan2
ffffffff   binit
00003505   copy_in
00003ab1   cos
2000080c   eepromAddress
0000370d   exit
00003921   feraiseexcept
000022f5   fmod
20000000   g_pfnRAMVectors
00000000   g_pfnVectors
00000759   getDistance
2000084c   haveFix
00002a35   initLCD
20000808   initialNumTries
20000824   latitude
00003acb   log
20000834   longitude
00000bc1   main
2000086c   main_func_sp
00002e3b   memcpy
20000844   neglat
20000848   neglong
20000820   nmea_state
20000814   numTries
20000810   numTrieslong
00003225   openLock
0000026d   pow
00003a41   raise
20000818   servomson
2000081c   servotimer
000037cd   signal
00003ae5   sin
00002471   sqrt
000039b5   usnprintf
00003411   ustrncpy
00000fcd   uvsnprintf


GLOBAL SYMBOLS: SORTED BY Symbol Address 

address    name
--------   ----
00000000   __TI_static_base__
00000000   g_pfnVectors
00000001   __TI_args_main
0000026d   pow
00000400   __STACK_SIZE
00000759   getDistance
00000bc1   main
00000fcd   uvsnprintf
000013d1   _Log
000016f5   _Sin
000019b9   _Exp
00001bc9   UART3IntHandler
00001dbd   SysCtlClockGet
00001f95   __aeabi_dsub
00001f9f   __aeabi_dadd
0000214d   _Atan
000022f5   fmod
00002471   sqrt
000025d9   __aeabi_ddiv
00002711   atan2
00002831   _Dscale
00002939   __aeabi_dmul
00002a35   initLCD
00002b2d   GPIOPadConfigSet
00002bf5   _Dint
00002cbd   EEPROMProgram
00002d7d   _Dnorm
00002e3b   __aeabi_memcpy
00002e3b   __aeabi_memcpy4
00002e3b   __aeabi_memcpy8
00002e3b   memcpy
00002ed9   SysCtlPeripheralReset
00002f6d   __TI_auto_init
00003001   LCDCommand
00003091   LCDWrite
00003121   LCDWriteText
000031a7   __aeabi_cdcmpeq
000031a7   __aeabi_cdcmple
00003225   openLock
00003291   IntEnable
000032f5   _Dunscale
000033b9   SysCtlPeripheralEnable
00003411   ustrncpy
00003469   UARTIntHandler
000034b9   HibernateEnableExpClk
00003505   copy_in
00003551   __aeabi_d2f
0000359d   GPIOPinConfigure
000035e5   ServoDriver
0000362d   _c_int00
00003675   __aeabi_d2iz
000036bd   EEPROMInit
00003701   C$$EXIT
00003705   abort
0000370d   exit
00003745   _Dtest
00003789   __aeabi_uidivmod
000037cd   signal
00003849   HibernateWriteComplete
00003881   __aeabi_f2d
000038ed   IntRegister
00003921   feraiseexcept
00003955   EEPROMRead
00003985   _Feraise
000039b5   usnprintf
000039e5   GPIODirModeSet
00003a13   __aeabi_i2d
00003a41   raise
00003a71   HibernateIntStatus
00003a95   SysTickIntRegister
00003ab1   cos
00003acb   log
00003ae5   sin
00003b01   _register_unlock
00003b07   _register_lock
00003b0d   _nop
00003b19   _args_main
00003b31   HibernateClockSelect
00003b45   HibernateGPIORetentionEnable
00003b59   HibernateIntClear
00003b6d   HibernateIntEnable
00003b81   HibernateRequest
00003b95   HibernateWakeSet
00003ba9   SysTickEnable
00003bbd   SysTickIntEnable
00003bd1   GPIOPinTypeGPIOOutput
00003be3   HibernateIntRegister
00003bf5   __TI_zero_init
00003c19   SysTickPeriodSet
00003c29   HibernateInterrupt
00003c37   __TI_decompress_none
00003c45   GPIOPinWrite
00003c4f   ResetISR
00003c55   SysCtlDelay
00003c5b   __TI_decompress_rle24
00004034   __TI_Handler_Table_Base
00004040   __TI_Handler_Table_Limit
00004050   __TI_CINIT_Base
00004068   __TI_CINIT_Limit
20000000   g_pfnRAMVectors
2000026c   __stack
2000036c   __STACK_TOP
2000066c   __STACK_END
20000720   _Denorm
20000730   _Eps
20000740   _Hugeval
20000750   _Inf
20000760   _Nan
20000770   _Snan
20000780   _Rteps
20000790   _Xbig
20000798   _Zero
200007a0   _FDenorm
200007b0   _FEps
200007c0   _FInf
200007d0   _FNan
200007e0   _FSnan
200007f0   _FRteps
20000800   _FXbig
20000804   _FZero
20000808   initialNumTries
2000080c   eepromAddress
20000810   numTrieslong
20000814   numTries
20000818   servomson
2000081c   servotimer
20000820   nmea_state
20000824   latitude
20000834   longitude
20000844   neglat
20000848   neglong
2000084c   haveFix
20000850   _lock
20000854   _unlock
20000858   _cleanup_ptr
2000085c   _dtors_ptr
20000860   _Fenv
20000864   _Tls_setup__Fenv
20000868   _Errno
2000086c   main_func_sp
ffffffff   __binit__
ffffffff   __c_args__
ffffffff   binit
UNDEFED    SHT$$INIT_ARRAY$$Base
UNDEFED    SHT$$INIT_ARRAY$$Limit

[145 symbols]
