******************************************************************************
                  TMS470 Linker PC v4.9.5                      
******************************************************************************
>> Linked Mon Apr 01 17:20:31 2013

OUTPUT FILE NAME:   <uart_echo.out>
ENTRY POINT SYMBOL: "_c_int00"  address: 000012d5


MEMORY CONFIGURATION

         name            origin    length      used     unused   attr    fill
----------------------  --------  ---------  --------  --------  ----  --------
  FLASH                 00000000   00040000  000019b0  0003e650  R  X
  SRAM                  20000000   00008000  0000039c  00007c64  RW X


SEGMENT ALLOCATION MAP

run origin  load origin   length   init length attrs members
----------  ----------- ---------- ----------- ----- -------
00000000    00000000    000019b0   000019b0    r-x
  00000000    00000000    0000026c   0000026c    r-- .intvecs
  0000026c    0000026c    00001558   00001558    r-x .text
  000017c4    000017c4    00000194   00000194    r-- .const
  00001958    00001958    00000058   00000058    r-- .cinit
20000000    20000000    0000036c   00000000    rw-
  20000000    20000000    0000026c   00000000    rw- .vtable
  2000026c    2000026c    00000100   00000000    rw- .stack
2000036c    2000036c    00000030   0000002c    rw-
  2000036c    2000036c    0000002c   0000002c    rw- .data
  20000398    20000398    00000004   00000000    rw- .bss


SECTION ALLOCATION MAP

 output                                  attributes/
section   page    origin      length       input sections
--------  ----  ----------  ----------   ----------------
.intvecs   0    00000000    0000026c     
                  00000000    0000026c     startup_ccs.obj (.intvecs)

.init_array 
*          0    00000000    00000000     UNINITIALIZED

.text      0    0000026c    00001558     
                  0000026c    0000038c     uart_echo.obj (.text:main)
                  000005f8    00000246     ustdlib.obj (.text:uvsnprintf)
                  0000083e    00000002     startup_ccs.obj (.text:FaultISR)
                  00000840    000001d8     driverlib-cm4f.lib : sysctl.obj (.text:SysCtlClockGet)
                  00000a18    00000100     lcd44780_LP.obj (.text:initLCD)
                  00000b18    000000c8     driverlib-cm4f.lib : gpio.obj (.text:GPIOPadConfigSet)
                  00000be0    000000c0                        : eeprom.obj (.text:EEPROMProgram)
                  00000ca0    0000009c     rtsv7M4_T_le_v4SPD16_eabi.lib : memcpy_t2.obj (.text)
                  00000d3c    00000094     driverlib-cm4f.lib : sysctl.obj (.text:SysCtlPeripheralReset)
                  00000dd0    00000094     rtsv7M4_T_le_v4SPD16_eabi.lib : auto_init.obj (.text)
                  00000e64    00000084     lcd44780_LP.obj (.text:LCDCommand)
                  00000ee8    00000084     lcd44780_LP.obj (.text:LCDWrite)
                  00000f6c    00000070     uart_echo.obj (.text:openLock)
                  00000fdc    0000006c     uart_echo.obj (.text:getDistance)
                  00001048    00000064     driverlib-cm4f.lib : interrupt.obj (.text:IntEnable)
                  000010ac    0000005e     rtsv7M4_T_le_v4SPD16_eabi.lib : copy_decompress_rle.obj (.text)
                  0000110a    00000002     startup_ccs.obj (.text:IntDefaultHandler)
                  0000110c    00000058     driverlib-cm4f.lib : sysctl.obj (.text:SysCtlPeripheralEnable)
                  00001164    0000004c                        : hibernate.obj (.text:HibernateEnableExpClk)
                  000011b0    0000004c     rtsv7M4_T_le_v4SPD16_eabi.lib : cpy_tbl.obj (.text)
                  000011fc    00000048     driverlib-cm4f.lib : gpio.obj (.text:GPIOPinConfigure)
                  00001244    00000048     uart_echo.obj (.text:UART3IntHandler)
                  0000128c    00000048     uart_echo.obj (.text:UARTIntHandler)
                  000012d4    00000048     rtsv7M4_T_le_v4SPD16_eabi.lib : boot.obj (.text)
                  0000131c    00000044     driverlib-cm4f.lib : eeprom.obj (.text:EEPROMInit)
                  00001360    00000044     rtsv7M4_T_le_v4SPD16_eabi.lib : exit.obj (.text)
                  000013a4    00000042                                   : u_divt2.obj (.text)
                  000013e6    00000002     startup_ccs.obj (.text:NmiSR)
                  000013e8    0000003c     driverlib-cm4f.lib : eeprom.obj (.text:EEPROMSetSectorMask)
                  00001424    00000038                        : hibernate.obj (.text:HibernateWriteComplete)
                  0000145c    00000034                        : eeprom.obj (.text:EEPROMClearSectorMask)
                  00001490    00000034                        : interrupt.obj (.text:IntRegister)
                  000014c4    00000034     uart_echo.obj (.text:ServoDriver)
                  000014f8    00000032     lcd44780_LP.obj (.text:LCDWriteText)
                  0000152a    00000002     --HOLE-- [fill = 0]
                  0000152c    00000030     driverlib-cm4f.lib : eeprom.obj (.text:EEPROMRead)
                  0000155c    0000002e                        : gpio.obj (.text:GPIODirModeSet)
                  0000158a    00000002     --HOLE-- [fill = 0]
                  0000158c    0000002c     uart_echo.obj (.text:blinkblue)
                  000015b8    0000002c     uart_echo.obj (.text:blinkgreen)
                  000015e4    00000024     driverlib-cm4f.lib : hibernate.obj (.text:HibernateIntStatus)
                  00001608    00000022     ustdlib.obj (.text:ustrncpy)
                  0000162a    00000002     --HOLE-- [fill = 0]
                  0000162c    0000001c     driverlib-cm4f.lib : systick.obj (.text:SysTickIntRegister)
                  00001648    0000001a     ustdlib.obj (.text:usnprintf)
                  00001662    00000002     --HOLE-- [fill = 0]
                  00001664    00000018     rtsv7M4_T_le_v4SPD16_eabi.lib : _lock.obj (.text)
                  0000167c    00000018                                   : args_main.obj (.text)
                  00001694    00000014     driverlib-cm4f.lib : hibernate.obj (.text:HibernateClockSelect)
                  000016a8    00000014                        : hibernate.obj (.text:HibernateGPIORetentionEnable)
                  000016bc    00000014                        : hibernate.obj (.text:HibernateIntClear)
                  000016d0    00000014                        : hibernate.obj (.text:HibernateIntEnable)
                  000016e4    00000014                        : hibernate.obj (.text:HibernateRequest)
                  000016f8    00000014                        : hibernate.obj (.text:HibernateWakeSet)
                  0000170c    00000014                        : systick.obj (.text:SysTickEnable)
                  00001720    00000014                        : systick.obj (.text:SysTickIntEnable)
                  00001734    00000012                        : gpio.obj (.text:GPIOPinTypeGPIOOutput)
                  00001746    00000012                        : hibernate.obj (.text:HibernateIntRegister)
                  00001758    00000012     rtsv7M4_T_le_v4SPD16_eabi.lib : copy_zero_init.obj (.text:decompress:ZI)
                  0000176a    00000002     --HOLE-- [fill = 0]
                  0000176c    00000010     driverlib-cm4f.lib : eeprom.obj (.text:EEPROMWaitForDone)
                  0000177c    00000010                        : systick.obj (.text:SysTickPeriodSet)
                  0000178c    0000000e     uart_echo.obj (.text:HibernateInterrupt)
                  0000179a    0000000e     rtsv7M4_T_le_v4SPD16_eabi.lib : copy_decompress_none.obj (.text:decompress:none)
                  000017a8    0000000a     driverlib-cm4f.lib : gpio.obj (.text:GPIOPinWrite)
                  000017b2    00000006     startup_ccs.obj (.text:ResetISR)
                  000017b8    00000006     driverlib-cm4f.lib : sysctl.obj (.text:SysCtlDelay)
                  000017be    00000006     rtsv7M4_T_le_v4SPD16_eabi.lib : copy_decompress_rle.obj (.text:decompress:rle24)

.const     0    000017c4    00000194     
                  000017c4    00000078     driverlib-cm4f.lib : gpio.obj (.const:g_pulGPIOBaseAddrs)
                  0000183c    00000070                        : interrupt.obj (.const)
                  000018ac    0000006c                        : sysctl.obj (.const:g_pulXtals)
                  00001918    00000040                        : sysctl.obj (.const)

.cinit     0    00001958    00000058     
                  00001958    00000020     (.cinit..data.load) [load image, compression = rle]
                  00001978    0000000c     (__TI_handler_table)
                  00001984    00000004     --HOLE-- [fill = 0]
                  00001988    00000008     (.cinit..bss.load) [load image, compression = zero_init]
                  00001990    00000008     (.cinit..vtable.load) [load image, compression = zero_init]
                  00001998    00000018     (__TI_cinit_table)

.vtable    0    20000000    0000026c     UNINITIALIZED
                  20000000    0000026c     driverlib-cm4f.lib : interrupt.obj (.vtable)

.stack     0    2000026c    00000100     UNINITIALIZED
                  2000026c    00000100     --HOLE--

.data      0    2000036c    0000002c     
                  2000036c    00000018     uart_echo.obj (.data)
                  20000384    00000008     rtsv7M4_T_le_v4SPD16_eabi.lib : _lock.obj (.data)
                  2000038c    00000008                                   : exit.obj (.data)
                  20000394    00000004                                   : stkdepth_vars.obj (.data)

.bss       0    20000398    00000004     UNINITIALIZED
                  20000398    00000004     driverlib-cm4f.lib : hibernate.obj (.bss)


LINKER GENERATED COPY TABLES

__TI_cinit_table @ 00001998 records: 3, size/record: 8, table size: 24
	.data: load addr=00001958, load size=00000020 bytes, run addr=2000036c, run size=0000002c bytes, compression=rle
	.bss: load addr=00001988, load size=00000008 bytes, run addr=20000398, run size=00000004 bytes, compression=zero_init
	.vtable: load addr=00001990, load size=00000008 bytes, run addr=20000000, run size=0000026c bytes, compression=zero_init


LINKER GENERATED HANDLER TABLE

__TI_handler_table @ 00001978 records: 3, size/record: 4, table size: 12
	index: 0, handler: __TI_zero_init
	index: 1, handler: __TI_decompress_rle24
	index: 2, handler: __TI_decompress_none


GLOBAL SYMBOLS: SORTED ALPHABETICALLY BY Name 

address    name
--------   ----
00001361   C$$EXIT
0000131d   EEPROMInit
00000be1   EEPROMProgram
0000152d   EEPROMRead
0000155d   GPIODirModeSet
00000b19   GPIOPadConfigSet
000011fd   GPIOPinConfigure
00001735   GPIOPinTypeGPIOOutput
000017a9   GPIOPinWrite
00001695   HibernateClockSelect
00001165   HibernateEnableExpClk
000016a9   HibernateGPIORetentionEnable
000016bd   HibernateIntClear
000016d1   HibernateIntEnable
00001747   HibernateIntRegister
000015e5   HibernateIntStatus
0000178d   HibernateInterrupt
000016e5   HibernateRequest
000016f9   HibernateWakeSet
00001425   HibernateWriteComplete
00001049   IntEnable
00001491   IntRegister
00000e65   LCDCommand
00000ee9   LCDWrite
000014f9   LCDWriteText
000017b3   ResetISR
UNDEFED    SHT$$INIT_ARRAY$$Base
UNDEFED    SHT$$INIT_ARRAY$$Limit
000014c5   ServoDriver
00000841   SysCtlClockGet
000017b9   SysCtlDelay
0000110d   SysCtlPeripheralEnable
00000d3d   SysCtlPeripheralReset
0000170d   SysTickEnable
00001721   SysTickIntEnable
0000162d   SysTickIntRegister
0000177d   SysTickPeriodSet
00001245   UART3IntHandler
0000128d   UARTIntHandler
2000036c   __STACK_END
00000100   __STACK_SIZE
2000036c   __STACK_TOP
00001998   __TI_CINIT_Base
000019b0   __TI_CINIT_Limit
00001978   __TI_Handler_Table_Base
00001984   __TI_Handler_Table_Limit
00000001   __TI_args_main
00000dd1   __TI_auto_init
0000179b   __TI_decompress_none
000017bf   __TI_decompress_rle24
00000000   __TI_static_base__
00001759   __TI_zero_init
00000ca1   __aeabi_memcpy
00000ca1   __aeabi_memcpy4
00000ca1   __aeabi_memcpy8
000013a5   __aeabi_uidivmod
ffffffff   __binit__
ffffffff   __c_args__
2000026c   __stack
0000167d   _args_main
000012d5   _c_int00
2000038c   _cleanup_ptr
20000390   _dtors_ptr
20000384   _lock
00001671   _nop
0000166b   _register_lock
00001665   _register_unlock
20000388   _unlock
00001365   abort
ffffffff   binit
0000158d   blinkblue
000015b9   blinkgreen
000011b1   copy_in
20000370   eepromAddress
0000136d   exit
20000000   g_pfnRAMVectors
00000000   g_pfnVectors
00000fdd   getDistance
00000a19   initLCD
2000036c   initialNumTries
0000026d   main
20000394   main_func_sp
00000ca1   memcpy
20000378   numTries
20000374   numTrieslong
00000f6d   openLock
2000037c   servomson
20000380   servotimer
00001649   usnprintf
00001609   ustrncpy
000005f9   uvsnprintf


GLOBAL SYMBOLS: SORTED BY Symbol Address 

address    name
--------   ----
00000000   __TI_static_base__
00000000   g_pfnVectors
00000001   __TI_args_main
00000100   __STACK_SIZE
0000026d   main
000005f9   uvsnprintf
00000841   SysCtlClockGet
00000a19   initLCD
00000b19   GPIOPadConfigSet
00000be1   EEPROMProgram
00000ca1   __aeabi_memcpy
00000ca1   __aeabi_memcpy4
00000ca1   __aeabi_memcpy8
00000ca1   memcpy
00000d3d   SysCtlPeripheralReset
00000dd1   __TI_auto_init
00000e65   LCDCommand
00000ee9   LCDWrite
00000f6d   openLock
00000fdd   getDistance
00001049   IntEnable
0000110d   SysCtlPeripheralEnable
00001165   HibernateEnableExpClk
000011b1   copy_in
000011fd   GPIOPinConfigure
00001245   UART3IntHandler
0000128d   UARTIntHandler
000012d5   _c_int00
0000131d   EEPROMInit
00001361   C$$EXIT
00001365   abort
0000136d   exit
000013a5   __aeabi_uidivmod
00001425   HibernateWriteComplete
00001491   IntRegister
000014c5   ServoDriver
000014f9   LCDWriteText
0000152d   EEPROMRead
0000155d   GPIODirModeSet
0000158d   blinkblue
000015b9   blinkgreen
000015e5   HibernateIntStatus
00001609   ustrncpy
0000162d   SysTickIntRegister
00001649   usnprintf
00001665   _register_unlock
0000166b   _register_lock
00001671   _nop
0000167d   _args_main
00001695   HibernateClockSelect
000016a9   HibernateGPIORetentionEnable
000016bd   HibernateIntClear
000016d1   HibernateIntEnable
000016e5   HibernateRequest
000016f9   HibernateWakeSet
0000170d   SysTickEnable
00001721   SysTickIntEnable
00001735   GPIOPinTypeGPIOOutput
00001747   HibernateIntRegister
00001759   __TI_zero_init
0000177d   SysTickPeriodSet
0000178d   HibernateInterrupt
0000179b   __TI_decompress_none
000017a9   GPIOPinWrite
000017b3   ResetISR
000017b9   SysCtlDelay
000017bf   __TI_decompress_rle24
00001978   __TI_Handler_Table_Base
00001984   __TI_Handler_Table_Limit
00001998   __TI_CINIT_Base
000019b0   __TI_CINIT_Limit
20000000   g_pfnRAMVectors
2000026c   __stack
2000036c   __STACK_END
2000036c   __STACK_TOP
2000036c   initialNumTries
20000370   eepromAddress
20000374   numTrieslong
20000378   numTries
2000037c   servomson
20000380   servotimer
20000384   _lock
20000388   _unlock
2000038c   _cleanup_ptr
20000390   _dtors_ptr
20000394   main_func_sp
ffffffff   __binit__
ffffffff   __c_args__
ffffffff   binit
UNDEFED    SHT$$INIT_ARRAY$$Base
UNDEFED    SHT$$INIT_ARRAY$$Limit

[91 symbols]
