******************************************************************************
                  TMS470 Linker PC v4.9.5                      
******************************************************************************
>> Linked Thu Mar 28 17:46:41 2013

OUTPUT FILE NAME:   <uart_echo.out>
ENTRY POINT SYMBOL: "_c_int00"  address: 00001265


MEMORY CONFIGURATION

         name            origin    length      used     unused   attr    fill
----------------------  --------  ---------  --------  --------  ----  --------
  FLASH                 00000000   00040000  0000189e  0003e762  R  X
  SRAM                  20000000   00008000  0000039c  00007c64  RW X


SEGMENT ALLOCATION MAP

run origin  load origin   length   init length attrs members
----------  ----------- ---------- ----------- ----- -------
00000000    00000000    000018a0   000018a0    r-x
  00000000    00000000    0000026c   0000026c    r-- .intvecs
  0000026c    0000026c    00001446   00001446    r-x .text
  000016b4    000016b4    00000194   00000194    r-- .const
  00001848    00001848    00000058   00000058    r-- .cinit
20000000    20000000    0000036c   00000000    rw-
  20000000    20000000    0000026c   00000000    rw- .vtable
  2000026c    2000026c    00000100   00000000    rw- .stack
2000036c    2000036c    00000030   0000002c    rw-
  2000036c    2000036c    0000002c   0000002c    rw- .data
  20000398    20000398    00000004   00000000    rw- .bss


SECTION ALLOCATION MAP

 output                                  attributes/
section   page    origin      length       input sections
--------  ----  ----------  ----------   ----------------
.intvecs   0    00000000    0000026c     
                  00000000    0000026c     startup_ccs.obj (.intvecs)

.init_array 
*          0    00000000    00000000     UNINITIALIZED

.text      0    0000026c    00001446     
                  0000026c    0000031c     uart_echo.obj (.text:main)
                  00000588    00000246     ustdlib.obj (.text:uvsnprintf)
                  000007ce    00000002     startup_ccs.obj (.text:FaultISR)
                  000007d0    000001d8     driverlib-cm4f.lib : sysctl.obj (.text:SysCtlClockGet)
                  000009a8    00000100     lcd44780_LP.obj (.text:initLCD)
                  00000aa8    000000c8     driverlib-cm4f.lib : gpio.obj (.text:GPIOPadConfigSet)
                  00000b70    000000c0                        : eeprom.obj (.text:EEPROMProgram)
                  00000c30    0000009c     rtsv7M4_T_le_v4SPD16_eabi.lib : memcpy_t2.obj (.text)
                  00000ccc    00000094     driverlib-cm4f.lib : sysctl.obj (.text:SysCtlPeripheralReset)
                  00000d60    00000094     rtsv7M4_T_le_v4SPD16_eabi.lib : auto_init.obj (.text)
                  00000df4    00000084     lcd44780_LP.obj (.text:LCDCommand)
                  00000e78    00000084     lcd44780_LP.obj (.text:LCDWrite)
                  00000efc    00000070     uart_echo.obj (.text:openLock)
                  00000f6c    0000006c     uart_echo.obj (.text:getDistance)
                  00000fd8    00000064     driverlib-cm4f.lib : interrupt.obj (.text:IntEnable)
                  0000103c    0000005e     rtsv7M4_T_le_v4SPD16_eabi.lib : copy_decompress_rle.obj (.text)
                  0000109a    00000002     uart_echo.obj (.text:HibernateInterrupt)
                  0000109c    00000058     driverlib-cm4f.lib : sysctl.obj (.text:SysCtlPeripheralEnable)
                  000010f4    0000004c                        : hibernate.obj (.text:HibernateEnableExpClk)
                  00001140    0000004c     rtsv7M4_T_le_v4SPD16_eabi.lib : cpy_tbl.obj (.text)
                  0000118c    00000048     driverlib-cm4f.lib : gpio.obj (.text:GPIOPinConfigure)
                  000011d4    00000048     uart_echo.obj (.text:UART3IntHandler)
                  0000121c    00000048     uart_echo.obj (.text:UARTIntHandler)
                  00001264    00000048     rtsv7M4_T_le_v4SPD16_eabi.lib : boot.obj (.text)
                  000012ac    00000044     driverlib-cm4f.lib : eeprom.obj (.text:EEPROMInit)
                  000012f0    00000044     rtsv7M4_T_le_v4SPD16_eabi.lib : exit.obj (.text)
                  00001334    00000042                                   : u_divt2.obj (.text)
                  00001376    00000002     startup_ccs.obj (.text:IntDefaultHandler)
                  00001378    0000003c     driverlib-cm4f.lib : eeprom.obj (.text:EEPROMSetSectorMask)
                  000013b4    00000038                        : hibernate.obj (.text:HibernateWriteComplete)
                  000013ec    00000034                        : eeprom.obj (.text:EEPROMClearSectorMask)
                  00001420    00000034                        : interrupt.obj (.text:IntRegister)
                  00001454    00000034     uart_echo.obj (.text:ServoDriver)
                  00001488    00000032     lcd44780_LP.obj (.text:LCDWriteText)
                  000014ba    00000002     startup_ccs.obj (.text:NmiSR)
                  000014bc    00000030     driverlib-cm4f.lib : eeprom.obj (.text:EEPROMRead)
                  000014ec    0000002e                        : gpio.obj (.text:GPIODirModeSet)
                  0000151a    00000022     ustdlib.obj (.text:ustrncpy)
                  0000153c    0000001c     driverlib-cm4f.lib : systick.obj (.text:SysTickIntRegister)
                  00001558    0000001a     ustdlib.obj (.text:usnprintf)
                  00001572    00000002     --HOLE-- [fill = 0]
                  00001574    00000018     rtsv7M4_T_le_v4SPD16_eabi.lib : _lock.obj (.text)
                  0000158c    00000018                                   : args_main.obj (.text)
                  000015a4    00000014     driverlib-cm4f.lib : hibernate.obj (.text:HibernateClockSelect)
                  000015b8    00000014                        : hibernate.obj (.text:HibernateGPIORetentionEnable)
                  000015cc    00000014                        : hibernate.obj (.text:HibernateIntEnable)
                  000015e0    00000014                        : hibernate.obj (.text:HibernateRequest)
                  000015f4    00000014                        : hibernate.obj (.text:HibernateWakeSet)
                  00001608    00000014                        : systick.obj (.text:SysTickEnable)
                  0000161c    00000014                        : systick.obj (.text:SysTickIntEnable)
                  00001630    00000012                        : gpio.obj (.text:GPIOPinTypeGPIOOutput)
                  00001642    00000012                        : hibernate.obj (.text:HibernateIntRegister)
                  00001654    00000012     rtsv7M4_T_le_v4SPD16_eabi.lib : copy_zero_init.obj (.text:decompress:ZI)
                  00001666    00000002     --HOLE-- [fill = 0]
                  00001668    00000010     driverlib-cm4f.lib : eeprom.obj (.text:EEPROMWaitForDone)
                  00001678    00000010                        : systick.obj (.text:SysTickPeriodSet)
                  00001688    0000000e     rtsv7M4_T_le_v4SPD16_eabi.lib : copy_decompress_none.obj (.text:decompress:none)
                  00001696    0000000a     driverlib-cm4f.lib : gpio.obj (.text:GPIOPinWrite)
                  000016a0    00000006     startup_ccs.obj (.text:ResetISR)
                  000016a6    00000006     driverlib-cm4f.lib : sysctl.obj (.text:SysCtlDelay)
                  000016ac    00000006     rtsv7M4_T_le_v4SPD16_eabi.lib : copy_decompress_rle.obj (.text:decompress:rle24)

.const     0    000016b4    00000194     
                  000016b4    00000078     driverlib-cm4f.lib : gpio.obj (.const:g_pulGPIOBaseAddrs)
                  0000172c    00000070                        : interrupt.obj (.const)
                  0000179c    0000006c                        : sysctl.obj (.const:g_pulXtals)
                  00001808    00000040                        : sysctl.obj (.const)

.cinit     0    00001848    00000058     
                  00001848    00000020     (.cinit..data.load) [load image, compression = rle]
                  00001868    0000000c     (__TI_handler_table)
                  00001874    00000004     --HOLE-- [fill = 0]
                  00001878    00000008     (.cinit..bss.load) [load image, compression = zero_init]
                  00001880    00000008     (.cinit..vtable.load) [load image, compression = zero_init]
                  00001888    00000018     (__TI_cinit_table)

.vtable    0    20000000    0000026c     UNINITIALIZED
                  20000000    0000026c     driverlib-cm4f.lib : interrupt.obj (.vtable)

.stack     0    2000026c    00000100     UNINITIALIZED
                  2000026c    00000100     --HOLE--

.data      0    2000036c    0000002c     
                  2000036c    00000018     uart_echo.obj (.data)
                  20000384    00000008     rtsv7M4_T_le_v4SPD16_eabi.lib : _lock.obj (.data)
                  2000038c    00000008                                   : exit.obj (.data)
                  20000394    00000004                                   : stkdepth_vars.obj (.data)

.bss       0    20000398    00000004     UNINITIALIZED
                  20000398    00000004     driverlib-cm4f.lib : hibernate.obj (.bss)


LINKER GENERATED COPY TABLES

__TI_cinit_table @ 00001888 records: 3, size/record: 8, table size: 24
	.data: load addr=00001848, load size=00000020 bytes, run addr=2000036c, run size=0000002c bytes, compression=rle
	.bss: load addr=00001878, load size=00000008 bytes, run addr=20000398, run size=00000004 bytes, compression=zero_init
	.vtable: load addr=00001880, load size=00000008 bytes, run addr=20000000, run size=0000026c bytes, compression=zero_init


LINKER GENERATED HANDLER TABLE

__TI_handler_table @ 00001868 records: 3, size/record: 4, table size: 12
	index: 0, handler: __TI_zero_init
	index: 1, handler: __TI_decompress_rle24
	index: 2, handler: __TI_decompress_none


GLOBAL SYMBOLS: SORTED ALPHABETICALLY BY Name 

address    name
--------   ----
000012f1   C$$EXIT
000012ad   EEPROMInit
00000b71   EEPROMProgram
000014bd   EEPROMRead
000014ed   GPIODirModeSet
00000aa9   GPIOPadConfigSet
0000118d   GPIOPinConfigure
00001631   GPIOPinTypeGPIOOutput
00001697   GPIOPinWrite
000015a5   HibernateClockSelect
000010f5   HibernateEnableExpClk
000015b9   HibernateGPIORetentionEnable
000015cd   HibernateIntEnable
00001643   HibernateIntRegister
0000109b   HibernateInterrupt
000015e1   HibernateRequest
000015f5   HibernateWakeSet
000013b5   HibernateWriteComplete
00000fd9   IntEnable
00001421   IntRegister
00000df5   LCDCommand
00000e79   LCDWrite
00001489   LCDWriteText
000016a1   ResetISR
UNDEFED    SHT$$INIT_ARRAY$$Base
UNDEFED    SHT$$INIT_ARRAY$$Limit
00001455   ServoDriver
000007d1   SysCtlClockGet
000016a7   SysCtlDelay
0000109d   SysCtlPeripheralEnable
00000ccd   SysCtlPeripheralReset
00001609   SysTickEnable
0000161d   SysTickIntEnable
0000153d   SysTickIntRegister
00001679   SysTickPeriodSet
000011d5   UART3IntHandler
0000121d   UARTIntHandler
2000036c   __STACK_END
00000100   __STACK_SIZE
2000036c   __STACK_TOP
00001888   __TI_CINIT_Base
000018a0   __TI_CINIT_Limit
00001868   __TI_Handler_Table_Base
00001874   __TI_Handler_Table_Limit
00000001   __TI_args_main
00000d61   __TI_auto_init
00001689   __TI_decompress_none
000016ad   __TI_decompress_rle24
00000000   __TI_static_base__
00001655   __TI_zero_init
00000c31   __aeabi_memcpy
00000c31   __aeabi_memcpy4
00000c31   __aeabi_memcpy8
00001335   __aeabi_uidivmod
ffffffff   __binit__
ffffffff   __c_args__
2000026c   __stack
0000158d   _args_main
00001265   _c_int00
2000038c   _cleanup_ptr
20000390   _dtors_ptr
20000384   _lock
00001581   _nop
0000157b   _register_lock
00001575   _register_unlock
20000388   _unlock
000012f5   abort
ffffffff   binit
00001141   copy_in
20000370   eepromAddress
000012fd   exit
20000000   g_pfnRAMVectors
00000000   g_pfnVectors
00000f6d   getDistance
000009a9   initLCD
2000036c   initialNumTries
0000026d   main
20000394   main_func_sp
00000c31   memcpy
20000378   numTries
20000374   numTrieslong
00000efd   openLock
2000037c   servomson
20000380   servotimer
00001559   usnprintf
0000151b   ustrncpy
00000589   uvsnprintf


GLOBAL SYMBOLS: SORTED BY Symbol Address 

address    name
--------   ----
00000000   __TI_static_base__
00000000   g_pfnVectors
00000001   __TI_args_main
00000100   __STACK_SIZE
0000026d   main
00000589   uvsnprintf
000007d1   SysCtlClockGet
000009a9   initLCD
00000aa9   GPIOPadConfigSet
00000b71   EEPROMProgram
00000c31   __aeabi_memcpy
00000c31   __aeabi_memcpy4
00000c31   __aeabi_memcpy8
00000c31   memcpy
00000ccd   SysCtlPeripheralReset
00000d61   __TI_auto_init
00000df5   LCDCommand
00000e79   LCDWrite
00000efd   openLock
00000f6d   getDistance
00000fd9   IntEnable
0000109b   HibernateInterrupt
0000109d   SysCtlPeripheralEnable
000010f5   HibernateEnableExpClk
00001141   copy_in
0000118d   GPIOPinConfigure
000011d5   UART3IntHandler
0000121d   UARTIntHandler
00001265   _c_int00
000012ad   EEPROMInit
000012f1   C$$EXIT
000012f5   abort
000012fd   exit
00001335   __aeabi_uidivmod
000013b5   HibernateWriteComplete
00001421   IntRegister
00001455   ServoDriver
00001489   LCDWriteText
000014bd   EEPROMRead
000014ed   GPIODirModeSet
0000151b   ustrncpy
0000153d   SysTickIntRegister
00001559   usnprintf
00001575   _register_unlock
0000157b   _register_lock
00001581   _nop
0000158d   _args_main
000015a5   HibernateClockSelect
000015b9   HibernateGPIORetentionEnable
000015cd   HibernateIntEnable
000015e1   HibernateRequest
000015f5   HibernateWakeSet
00001609   SysTickEnable
0000161d   SysTickIntEnable
00001631   GPIOPinTypeGPIOOutput
00001643   HibernateIntRegister
00001655   __TI_zero_init
00001679   SysTickPeriodSet
00001689   __TI_decompress_none
00001697   GPIOPinWrite
000016a1   ResetISR
000016a7   SysCtlDelay
000016ad   __TI_decompress_rle24
00001868   __TI_Handler_Table_Base
00001874   __TI_Handler_Table_Limit
00001888   __TI_CINIT_Base
000018a0   __TI_CINIT_Limit
20000000   g_pfnRAMVectors
2000026c   __stack
2000036c   __STACK_END
2000036c   __STACK_TOP
2000036c   initialNumTries
20000370   eepromAddress
20000374   numTrieslong
20000378   numTries
2000037c   servomson
20000380   servotimer
20000384   _lock
20000388   _unlock
2000038c   _cleanup_ptr
20000390   _dtors_ptr
20000394   main_func_sp
ffffffff   __binit__
ffffffff   __c_args__
ffffffff   binit
UNDEFED    SHT$$INIT_ARRAY$$Base
UNDEFED    SHT$$INIT_ARRAY$$Limit

[87 symbols]
