******************************************************************************
                  TMS470 Linker PC v4.9.5                      
******************************************************************************
>> Linked Thu Apr 11 15:48:28 2013

OUTPUT FILE NAME:   <uart_echo.out>
ENTRY POINT SYMBOL: "_c_int00"  address: 00000a05


MEMORY CONFIGURATION

         name            origin    length      used     unused   attr    fill
----------------------  --------  ---------  --------  --------  ----  --------
  FLASH                 00000000   00040000  00000c02  0003f3fe  R  X
  SRAM                  20000000   00008000  000001b0  00007e50  RW X


SEGMENT ALLOCATION MAP

run origin  load origin   length   init length attrs members
----------  ----------- ---------- ----------- ----- -------
00000000    00000000    00000c08   00000c08    r-x
  00000000    00000000    0000026c   0000026c    r-- .intvecs
  0000026c    0000026c    00000882   00000882    r-x .text
  00000af0    00000af0    000000e4   000000e4    r-- .const
  00000bd8    00000bd8    00000030   00000030    r-- .cinit
20000000    20000000    00000100   00000000    rw-
  20000000    20000000    00000100   00000000    rw- .stack
20000100    20000100    000000b0   000000a8    rw-
  20000100    20000100    000000a8   000000a8    rw- .data
  200001a8    200001a8    00000008   00000000    rw- .sysmem


SECTION ALLOCATION MAP

 output                                  attributes/
section   page    origin      length       input sections
--------  ----  ----------  ----------   ----------------
.intvecs   0    00000000    0000026c     
                  00000000    0000026c     startup_ccs.obj (.intvecs)

.init_array 
*          0    00000000    00000000     UNINITIALIZED

.text      0    0000026c    00000882     
                  0000026c    000001d8     driverlib-cm4f.lib : sysctl.obj (.text:SysCtlClockGet)
                  00000444    000001cc     uart_echo.obj (.text:UART3IntHandler)
                  00000610    00000188     uart_echo.obj (.text:main)
                  00000798    0000009c     rtsv7M4_T_le_v4SPD16_eabi.lib : memcpy_t2.obj (.text)
                  00000834    00000094                                   : auto_init.obj (.text)
                  000008c8    0000005e                                   : copy_decompress_rle.obj (.text)
                  00000926    00000002     startup_ccs.obj (.text:FaultISR)
                  00000928    0000004c     rtsv7M4_T_le_v4SPD16_eabi.lib : cpy_tbl.obj (.text)
                  00000974    00000048     driverlib-cm4f.lib : gpio.obj (.text:GPIOPinConfigure)
                  000009bc    00000048     uart_echo.obj (.text:UARTIntHandler)
                  00000a04    00000048     rtsv7M4_T_le_v4SPD16_eabi.lib : boot.obj (.text)
                  00000a4c    00000044                                   : exit.obj (.text)
                  00000a90    00000018                                   : _lock.obj (.text)
                  00000aa8    00000018                                   : args_main.obj (.text)
                  00000ac0    0000000e                                   : copy_decompress_none.obj (.text:decompress:none)
                  00000ace    0000000a     driverlib-cm4f.lib : gpio.obj (.text:GPIOPinWrite)
                  00000ad8    00000006     startup_ccs.obj (.text:ResetISR)
                  00000ade    00000006     driverlib-cm4f.lib : sysctl.obj (.text:SysCtlDelay)
                  00000ae4    00000006     rtsv7M4_T_le_v4SPD16_eabi.lib : copy_decompress_rle.obj (.text:decompress:rle24)
                  00000aea    00000002     startup_ccs.obj (.text:IntDefaultHandler)
                  00000aec    00000002     startup_ccs.obj (.text:NmiSR)

.const     0    00000af0    000000e4     
                  00000af0    00000078     driverlib-cm4f.lib : gpio.obj (.const:g_pulGPIOBaseAddrs)
                  00000b68    0000006c                        : sysctl.obj (.const:g_pulXtals)

.cinit     0    00000bd8    00000030     
                  00000bd8    00000020     (.cinit..data.load) [load image, compression = rle]
                  00000bf8    00000008     (__TI_handler_table)
                  00000c00    00000008     (__TI_cinit_table)

.stack     0    20000000    00000100     UNINITIALIZED
                  20000000    00000100     --HOLE--

.data      0    20000100    000000a8     
                  20000100    00000094     uart_echo.obj (.data)
                  20000194    00000008     rtsv7M4_T_le_v4SPD16_eabi.lib : _lock.obj (.data)
                  2000019c    00000008                                   : exit.obj (.data)
                  200001a4    00000004                                   : stkdepth_vars.obj (.data)

.sysmem    0    200001a8    00000008     UNINITIALIZED
                  200001a8    00000008     rtsv7M4_T_le_v4SPD16_eabi.lib : memory.obj (.sysmem)


LINKER GENERATED COPY TABLES

__TI_cinit_table @ 00000c00 records: 1, size/record: 8, table size: 8
	.data: load addr=00000bd8, load size=00000020 bytes, run addr=20000100, run size=000000a8 bytes, compression=rle


LINKER GENERATED HANDLER TABLE

__TI_handler_table @ 00000bf8 records: 2, size/record: 4, table size: 8
	index: 0, handler: __TI_decompress_rle24
	index: 1, handler: __TI_decompress_none


GLOBAL SYMBOLS: SORTED ALPHABETICALLY BY Name 

address    name
--------   ----
00000a4d   C$$EXIT
00000975   GPIOPinConfigure
00000acf   GPIOPinWrite
20000118   GPSPOINTER
00000ad9   ResetISR
UNDEFED    SHT$$INIT_ARRAY$$Base
UNDEFED    SHT$$INIT_ARRAY$$Limit
0000026d   SysCtlClockGet
00000adf   SysCtlDelay
00000445   UART3IntHandler
000009bd   UARTIntHandler
20000100   __STACK_END
00000100   __STACK_SIZE
20000100   __STACK_TOP
00000008   __SYSMEM_SIZE
00000c00   __TI_CINIT_Base
00000c08   __TI_CINIT_Limit
00000bf8   __TI_Handler_Table_Base
00000c00   __TI_Handler_Table_Limit
00000001   __TI_args_main
00000835   __TI_auto_init
00000ac1   __TI_decompress_none
00000ae5   __TI_decompress_rle24
00000000   __TI_static_base__
00000799   __aeabi_memcpy
00000799   __aeabi_memcpy4
00000799   __aeabi_memcpy8
ffffffff   __binit__
ffffffff   __c_args__
20000000   __stack
00000aa9   _args_main
00000a05   _c_int00
2000019c   _cleanup_ptr
200001a0   _dtors_ptr
20000194   _lock
00000a9d   _nop
00000a97   _register_lock
00000a91   _register_unlock
200001a8   _sys_memory
20000198   _unlock
00000a51   abort
ffffffff   binit
20000188   calculateoutputgps
00000929   copy_in
20000104   eepromAddress
00000a59   exit
00000000   g_pfnVectors
2000015c   gps_height
20000184   gps_height_decimeters
20000144   gps_latitude_decimal_seconds
20000130   gps_latitude_degrees
20000154   gps_latitude_is_negative
2000013c   gps_latitude_minutes
20000120   gps_longitude_decimal_seconds
20000170   gps_longitude_degrees
20000158   gps_longitude_is_negative
2000017c   gps_longitude_minutes
20000100   initialNumTries
2000018c   latitude
20000190   longitude
00000611   main
200001a4   main_func_sp
00000799   memcpy
2000011c   nmea_state
2000010c   numTries
20000108   numTrieslong
20000110   servomson
20000114   servotimer


GLOBAL SYMBOLS: SORTED BY Symbol Address 

address    name
--------   ----
00000000   __TI_static_base__
00000000   g_pfnVectors
00000001   __TI_args_main
00000008   __SYSMEM_SIZE
00000100   __STACK_SIZE
0000026d   SysCtlClockGet
00000445   UART3IntHandler
00000611   main
00000799   __aeabi_memcpy
00000799   __aeabi_memcpy4
00000799   __aeabi_memcpy8
00000799   memcpy
00000835   __TI_auto_init
00000929   copy_in
00000975   GPIOPinConfigure
000009bd   UARTIntHandler
00000a05   _c_int00
00000a4d   C$$EXIT
00000a51   abort
00000a59   exit
00000a91   _register_unlock
00000a97   _register_lock
00000a9d   _nop
00000aa9   _args_main
00000ac1   __TI_decompress_none
00000acf   GPIOPinWrite
00000ad9   ResetISR
00000adf   SysCtlDelay
00000ae5   __TI_decompress_rle24
00000bf8   __TI_Handler_Table_Base
00000c00   __TI_CINIT_Base
00000c00   __TI_Handler_Table_Limit
00000c08   __TI_CINIT_Limit
20000000   __stack
20000100   __STACK_END
20000100   __STACK_TOP
20000100   initialNumTries
20000104   eepromAddress
20000108   numTrieslong
2000010c   numTries
20000110   servomson
20000114   servotimer
20000118   GPSPOINTER
2000011c   nmea_state
20000120   gps_longitude_decimal_seconds
20000130   gps_latitude_degrees
2000013c   gps_latitude_minutes
20000144   gps_latitude_decimal_seconds
20000154   gps_latitude_is_negative
20000158   gps_longitude_is_negative
2000015c   gps_height
20000170   gps_longitude_degrees
2000017c   gps_longitude_minutes
20000184   gps_height_decimeters
20000188   calculateoutputgps
2000018c   latitude
20000190   longitude
20000194   _lock
20000198   _unlock
2000019c   _cleanup_ptr
200001a0   _dtors_ptr
200001a4   main_func_sp
200001a8   _sys_memory
ffffffff   __binit__
ffffffff   __c_args__
ffffffff   binit
UNDEFED    SHT$$INIT_ARRAY$$Base
UNDEFED    SHT$$INIT_ARRAY$$Limit

[68 symbols]
