******************************************************************************
                  TMS470 Linker PC v4.9.5                      
******************************************************************************
>> Linked Fri Apr 12 16:19:33 2013

OUTPUT FILE NAME:   <uart_echo.out>
ENTRY POINT SYMBOL: "_c_int00"  address: 000030d9


MEMORY CONFIGURATION

         name            origin    length      used     unused   attr    fill
----------------------  --------  ---------  --------  --------  ----  --------
  FLASH                 00000000   00040000  00003b58  0003c4a8  R  X
  SRAM                  20000000   00008000  00000570  00007a90  RW X


SEGMENT ALLOCATION MAP

run origin  load origin   length   init length attrs members
----------  ----------- ---------- ----------- ----- -------
00000000    00000000    00003b58   00003b58    r-x
  00000000    00000000    0000026c   0000026c    r-- .intvecs
  0000026c    0000026c    00003514   00003514    r-x .text
  00003780    00003780    00000330   00000330    r-- .const
  00003ab0    00003ab0    000000a8   000000a8    r-- .cinit
20000000    20000000    00000270   00000000    rw-
  20000000    20000000    0000026c   00000000    rw- .vtable
  2000026c    2000026c    00000004   00000000    rw- .bss
20000270    20000270    00000300   00000200    rw-
  20000270    20000270    00000200   00000200    rw- .data
  20000470    20000470    00000100   00000000    rw- .stack


SECTION ALLOCATION MAP

 output                                  attributes/
section   page    origin      length       input sections
--------  ----  ----------  ----------   ----------------
.intvecs   0    00000000    0000026c     
                  00000000    0000026c     startup_ccs.obj (.intvecs)

.init_array 
*          0    00000000    00000000     UNINITIALIZED

.text      0    0000026c    00003514     
                  0000026c    000004ec     rtsv7M4_T_le_v4SPD16_eabi.lib : pow.obj (.text)
                  00000758    000003a0     uart_echo.obj (.text:main)
                  00000af8    00000348     uart_echo.obj (.text:getDistance)
                  00000e40    00000324     rtsv7M4_T_le_v4SPD16_eabi.lib : xlog.obj (.text)
                  00001164    000002c4                                   : xsin.obj (.text)
                  00001428    00000246     ustdlib.obj (.text:uvsnprintf)
                  0000166e    00000002     startup_ccs.obj (.text:FaultISR)
                  00001670    00000210     rtsv7M4_T_le_v4SPD16_eabi.lib : xexp.obj (.text)
                  00001880    000001d8     driverlib-cm4f.lib : sysctl.obj (.text:SysCtlClockGet)
                  00001a58    000001b6     rtsv7M4_T_le_v4SPD16_eabi.lib : fd_add_t2.obj (.text)
                  00001c0e    00000002     startup_ccs.obj (.text:IntDefaultHandler)
                  00001c10    000001a8     rtsv7M4_T_le_v4SPD16_eabi.lib : xatan.obj (.text)
                  00001db8    0000017c                                   : fmod.obj (.text)
                  00001f34    00000168                                   : sqrt.obj (.text)
                  0000209c    00000136                                   : fd_div_t2.obj (.text)
                  000021d2    00000002     startup_ccs.obj (.text:NmiSR)
                  000021d4    00000128     uart_echo.obj (.text:UART3IntHandler)
                  000022fc    00000120     rtsv7M4_T_le_v4SPD16_eabi.lib : atan2.obj (.text)
                  0000241c    00000108                                   : xdscale.obj (.text)
                  00002524    00000100     lcd44780_LP.obj (.text:initLCD)
                  00002624    000000fc     rtsv7M4_T_le_v4SPD16_eabi.lib : fd_mul_t2.obj (.text)
                  00002720    000000c8     driverlib-cm4f.lib : gpio.obj (.text:GPIOPadConfigSet)
                  000027e8    000000c8     rtsv7M4_T_le_v4SPD16_eabi.lib : xdint.obj (.text)
                  000028b0    000000c0     driverlib-cm4f.lib : eeprom.obj (.text:EEPROMProgram)
                  00002970    000000be     rtsv7M4_T_le_v4SPD16_eabi.lib : xdnorm.obj (.text)
                  00002a2e    0000009c                                   : memcpy_t2.obj (.text)
                  00002aca    00000002     --HOLE-- [fill = 0]
                  00002acc    00000094     driverlib-cm4f.lib : sysctl.obj (.text:SysCtlPeripheralReset)
                  00002b60    00000094     rtsv7M4_T_le_v4SPD16_eabi.lib : auto_init.obj (.text)
                  00002bf4    00000084     lcd44780_LP.obj (.text:LCDCommand)
                  00002c78    00000084     lcd44780_LP.obj (.text:LCDWrite)
                  00002cfc    0000007e     rtsv7M4_T_le_v4SPD16_eabi.lib : fd_cmp_t2.obj (.text)
                  00002d7a    00000002     --HOLE-- [fill = 0]
                  00002d7c    00000068     uart_echo.obj (.text:openLock)
                  00002de4    00000064     driverlib-cm4f.lib : interrupt.obj (.text:IntEnable)
                  00002e48    00000064     rtsv7M4_T_le_v4SPD16_eabi.lib : xdunscal.obj (.text)
                  00002eac    0000005e                                   : copy_decompress_rle.obj (.text)
                  00002f0a    00000002     --HOLE-- [fill = 0]
                  00002f0c    00000058     driverlib-cm4f.lib : sysctl.obj (.text:SysCtlPeripheralEnable)
                  00002f64    0000004c                        : hibernate.obj (.text:HibernateEnableExpClk)
                  00002fb0    0000004c     rtsv7M4_T_le_v4SPD16_eabi.lib : cpy_tbl.obj (.text)
                  00002ffc    0000004a                                   : fd_tos_t2.obj (.text)
                  00003046    00000002     --HOLE-- [fill = 0]
                  00003048    00000048     driverlib-cm4f.lib : gpio.obj (.text:GPIOPinConfigure)
                  00003090    00000048     uart_echo.obj (.text:UARTIntHandler)
                  000030d8    00000048     rtsv7M4_T_le_v4SPD16_eabi.lib : boot.obj (.text)
                  00003120    00000048                                   : fd_toi_t2.obj (.text)
                  00003168    00000044     driverlib-cm4f.lib : eeprom.obj (.text:EEPROMInit)
                  000031ac    00000044     rtsv7M4_T_le_v4SPD16_eabi.lib : exit.obj (.text)
                  000031f0    00000044                                   : xdtest.obj (.text)
                  00003234    00000042                                   : u_divt2.obj (.text)
                  00003276    00000002     --HOLE-- [fill = 0]
                  00003278    00000040                                   : signal.obj (.text)
                  000032b8    0000003c     driverlib-cm4f.lib : eeprom.obj (.text:EEPROMSetSectorMask)
                  000032f4    00000038                        : hibernate.obj (.text:HibernateWriteComplete)
                  0000332c    00000038     rtsv7M4_T_le_v4SPD16_eabi.lib : fs_tod_t2.obj (.text)
                  00003364    00000034     driverlib-cm4f.lib : eeprom.obj (.text:EEPROMClearSectorMask)
                  00003398    00000034                        : interrupt.obj (.text:IntRegister)
                  000033cc    00000034     uart_echo.obj (.text:ServoDriver)
                  00003400    00000034     rtsv7M4_T_le_v4SPD16_eabi.lib : feraiseexcept.obj (.text)
                  00003434    00000032     lcd44780_LP.obj (.text:LCDWriteText)
                  00003466    00000002     --HOLE-- [fill = 0]
                  00003468    00000030     driverlib-cm4f.lib : eeprom.obj (.text:EEPROMRead)
                  00003498    00000030     rtsv7M4_T_le_v4SPD16_eabi.lib : xferaise.obj (.text)
                  000034c8    0000002e     driverlib-cm4f.lib : gpio.obj (.text:GPIODirModeSet)
                  000034f6    0000002e     rtsv7M4_T_le_v4SPD16_eabi.lib : i_tofd_t2.obj (.text)
                  00003524    0000002e                                   : raise.obj (.text)
                  00003552    00000002     --HOLE-- [fill = 0]
                  00003554    00000024     driverlib-cm4f.lib : hibernate.obj (.text:HibernateIntStatus)
                  00003578    00000022     ustdlib.obj (.text:ustrncpy)
                  0000359a    00000002     --HOLE-- [fill = 0]
                  0000359c    0000001c     driverlib-cm4f.lib : systick.obj (.text:SysTickIntRegister)
                  000035b8    0000001a     rtsv7M4_T_le_v4SPD16_eabi.lib : cos.obj (.text)
                  000035d2    0000001a                                   : log.obj (.text)
                  000035ec    0000001a                                   : sin.obj (.text)
                  00003606    0000001a     ustdlib.obj (.text:usnprintf)
                  00003620    00000018     rtsv7M4_T_le_v4SPD16_eabi.lib : _lock.obj (.text)
                  00003638    00000018                                   : args_main.obj (.text)
                  00003650    00000014     driverlib-cm4f.lib : hibernate.obj (.text:HibernateClockSelect)
                  00003664    00000014                        : hibernate.obj (.text:HibernateGPIORetentionEnable)
                  00003678    00000014                        : hibernate.obj (.text:HibernateIntClear)
                  0000368c    00000014                        : hibernate.obj (.text:HibernateIntEnable)
                  000036a0    00000014                        : hibernate.obj (.text:HibernateRequest)
                  000036b4    00000014                        : hibernate.obj (.text:HibernateWakeSet)
                  000036c8    00000014                        : systick.obj (.text:SysTickEnable)
                  000036dc    00000014                        : systick.obj (.text:SysTickIntEnable)
                  000036f0    00000012                        : gpio.obj (.text:GPIOPinTypeGPIOOutput)
                  00003702    00000012                        : hibernate.obj (.text:HibernateIntRegister)
                  00003714    00000012     rtsv7M4_T_le_v4SPD16_eabi.lib : copy_zero_init.obj (.text:decompress:ZI)
                  00003726    00000002     --HOLE-- [fill = 0]
                  00003728    00000010     driverlib-cm4f.lib : eeprom.obj (.text:EEPROMWaitForDone)
                  00003738    00000010                        : systick.obj (.text:SysTickPeriodSet)
                  00003748    0000000e     uart_echo.obj (.text:HibernateInterrupt)
                  00003756    0000000e     rtsv7M4_T_le_v4SPD16_eabi.lib : copy_decompress_none.obj (.text:decompress:none)
                  00003764    0000000a     driverlib-cm4f.lib : gpio.obj (.text:GPIOPinWrite)
                  0000376e    00000006     startup_ccs.obj (.text:ResetISR)
                  00003774    00000006     driverlib-cm4f.lib : sysctl.obj (.text:SysCtlDelay)
                  0000377a    00000006     rtsv7M4_T_le_v4SPD16_eabi.lib : copy_decompress_rle.obj (.text:decompress:rle24)

.const     0    00003780    00000330     
                  00003780    00000078     driverlib-cm4f.lib : gpio.obj (.const:g_pulGPIOBaseAddrs)
                  000037f8    00000070                        : interrupt.obj (.const)
                  00003868    0000006c                        : sysctl.obj (.const:g_pulXtals)
                  000038d4    00000004     --HOLE-- [fill = 0]
                  000038d8    00000048     rtsv7M4_T_le_v4SPD16_eabi.lib : xatan.obj (.const)
                  00003920    00000048                                   : xexp.obj (.const)
                  00003968    00000040                                   : xatan.obj (.const:a)
                  000039a8    00000040     driverlib-cm4f.lib : sysctl.obj (.const)
                  000039e8    00000038     rtsv7M4_T_le_v4SPD16_eabi.lib : xlog.obj (.const:p)
                  00003a20    00000030                                   : xsin.obj (.const:c)
                  00003a50    00000030                                   : xdint.obj (.const)
                  00003a80    00000030                                   : xsin.obj (.const:s)

.cinit     0    00003ab0    000000a8     
                  00003ab0    00000074     (.cinit..data.load) [load image, compression = rle]
                  00003b24    0000000c     (__TI_handler_table)
                  00003b30    00000008     (.cinit..bss.load) [load image, compression = zero_init]
                  00003b38    00000008     (.cinit..vtable.load) [load image, compression = zero_init]
                  00003b40    00000018     (__TI_cinit_table)

.vtable    0    20000000    0000026c     UNINITIALIZED
                  20000000    0000026c     driverlib-cm4f.lib : interrupt.obj (.vtable)

.bss       0    2000026c    00000004     UNINITIALIZED
                  2000026c    00000004     driverlib-cm4f.lib : hibernate.obj (.bss)

.data      0    20000270    00000200     
                  20000270    000000b0     rtsv7M4_T_le_v4SPD16_eabi.lib : signal.obj (.data:sigtable)
                  20000320    00000080                                   : xvalues.obj (.data)
                  200003a0    00000068                                   : xfvalues.obj (.data)
                  20000408    00000048     uart_echo.obj (.data)
                  20000450    00000008     rtsv7M4_T_le_v4SPD16_eabi.lib : _lock.obj (.data)
                  20000458    00000008                                   : exit.obj (.data)
                  20000460    00000008                                   : feraiseexcept.obj (.data)
                  20000468    00000004                                   : errno.obj (.data)
                  2000046c    00000004                                   : stkdepth_vars.obj (.data)

.stack     0    20000470    00000100     UNINITIALIZED
                  20000470    00000100     --HOLE--


LINKER GENERATED COPY TABLES

__TI_cinit_table @ 00003b40 records: 3, size/record: 8, table size: 24
	.data: load addr=00003ab0, load size=00000074 bytes, run addr=20000270, run size=00000200 bytes, compression=rle
	.bss: load addr=00003b30, load size=00000008 bytes, run addr=2000026c, run size=00000004 bytes, compression=zero_init
	.vtable: load addr=00003b38, load size=00000008 bytes, run addr=20000000, run size=0000026c bytes, compression=zero_init


LINKER GENERATED HANDLER TABLE

__TI_handler_table @ 00003b24 records: 3, size/record: 4, table size: 12
	index: 0, handler: __TI_zero_init
	index: 1, handler: __TI_decompress_rle24
	index: 2, handler: __TI_decompress_none


GLOBAL SYMBOLS: SORTED ALPHABETICALLY BY Name 

address    name
--------   ----
000031ad   C$$EXIT
00003169   EEPROMInit
000028b1   EEPROMProgram
00003469   EEPROMRead
000034c9   GPIODirModeSet
00002721   GPIOPadConfigSet
00003049   GPIOPinConfigure
000036f1   GPIOPinTypeGPIOOutput
00003765   GPIOPinWrite
00003651   HibernateClockSelect
00002f65   HibernateEnableExpClk
00003665   HibernateGPIORetentionEnable
00003679   HibernateIntClear
0000368d   HibernateIntEnable
00003703   HibernateIntRegister
00003555   HibernateIntStatus
00003749   HibernateInterrupt
000036a1   HibernateRequest
000036b5   HibernateWakeSet
000032f5   HibernateWriteComplete
00002de5   IntEnable
00003399   IntRegister
00002bf5   LCDCommand
00002c79   LCDWrite
00003435   LCDWriteText
0000376f   ResetISR
UNDEFED    SHT$$INIT_ARRAY$$Base
UNDEFED    SHT$$INIT_ARRAY$$Limit
000033cd   ServoDriver
00001881   SysCtlClockGet
00003775   SysCtlDelay
00002f0d   SysCtlPeripheralEnable
00002acd   SysCtlPeripheralReset
000036c9   SysTickEnable
000036dd   SysTickIntEnable
0000359d   SysTickIntRegister
00003739   SysTickPeriodSet
000021d5   UART3IntHandler
00003091   UARTIntHandler
00001c11   _Atan
20000320   _Denorm
000027e9   _Dint
00002971   _Dnorm
0000241d   _Dscale
000031f1   _Dtest
00002e49   _Dunscale
20000330   _Eps
20000468   _Errno
00001671   _Exp
200003a0   _FDenorm
200003b0   _FEps
200003c0   _FInf
200003d0   _FNan
200003f0   _FRteps
200003e0   _FSnan
20000400   _FXbig
20000404   _FZero
20000460   _Fenv
00003499   _Feraise
20000340   _Hugeval
20000350   _Inf
00000e41   _Log
20000360   _Nan
20000380   _Rteps
00001165   _Sin
20000370   _Snan
20000464   _Tls_setup__Fenv
20000390   _Xbig
20000398   _Zero
20000570   __STACK_END
00000100   __STACK_SIZE
20000570   __STACK_TOP
00003b40   __TI_CINIT_Base
00003b58   __TI_CINIT_Limit
00003b24   __TI_Handler_Table_Base
00003b30   __TI_Handler_Table_Limit
00000001   __TI_args_main
00002b61   __TI_auto_init
00003757   __TI_decompress_none
0000377b   __TI_decompress_rle24
00000000   __TI_static_base__
00003715   __TI_zero_init
00002cfd   __aeabi_cdcmpeq
00002cfd   __aeabi_cdcmple
00002ffd   __aeabi_d2f
00003121   __aeabi_d2iz
00001a63   __aeabi_dadd
0000209d   __aeabi_ddiv
00002625   __aeabi_dmul
00001a59   __aeabi_dsub
0000332d   __aeabi_f2d
000034f7   __aeabi_i2d
00002a2f   __aeabi_memcpy
00002a2f   __aeabi_memcpy4
00002a2f   __aeabi_memcpy8
00003235   __aeabi_uidivmod
ffffffff   __binit__
ffffffff   __c_args__
20000470   __stack
00003639   _args_main
000030d9   _c_int00
20000458   _cleanup_ptr
2000045c   _dtors_ptr
20000450   _lock
0000362d   _nop
00003627   _register_lock
00003621   _register_unlock
20000454   _unlock
000031b1   abort
000022fd   atan2
ffffffff   binit
00002fb1   copy_in
000035b9   cos
2000040c   eepromAddress
000031b9   exit
00003401   feraiseexcept
00001db9   fmod
20000000   g_pfnRAMVectors
00000000   g_pfnVectors
00000af9   getDistance
2000044c   haveFix
00002525   initLCD
20000408   initialNumTries
20000424   latitude
000035d3   log
20000434   longitude
00000759   main
2000046c   main_func_sp
00002a2f   memcpy
20000444   neglat
20000448   neglong
20000420   nmea_state
20000414   numTries
20000410   numTrieslong
00002d7d   openLock
0000026d   pow
00003525   raise
20000418   servomson
2000041c   servotimer
00003279   signal
000035ed   sin
00001f35   sqrt
00003607   usnprintf
00003579   ustrncpy
00001429   uvsnprintf


GLOBAL SYMBOLS: SORTED BY Symbol Address 

address    name
--------   ----
00000000   __TI_static_base__
00000000   g_pfnVectors
00000001   __TI_args_main
00000100   __STACK_SIZE
0000026d   pow
00000759   main
00000af9   getDistance
00000e41   _Log
00001165   _Sin
00001429   uvsnprintf
00001671   _Exp
00001881   SysCtlClockGet
00001a59   __aeabi_dsub
00001a63   __aeabi_dadd
00001c11   _Atan
00001db9   fmod
00001f35   sqrt
0000209d   __aeabi_ddiv
000021d5   UART3IntHandler
000022fd   atan2
0000241d   _Dscale
00002525   initLCD
00002625   __aeabi_dmul
00002721   GPIOPadConfigSet
000027e9   _Dint
000028b1   EEPROMProgram
00002971   _Dnorm
00002a2f   __aeabi_memcpy
00002a2f   __aeabi_memcpy4
00002a2f   __aeabi_memcpy8
00002a2f   memcpy
00002acd   SysCtlPeripheralReset
00002b61   __TI_auto_init
00002bf5   LCDCommand
00002c79   LCDWrite
00002cfd   __aeabi_cdcmpeq
00002cfd   __aeabi_cdcmple
00002d7d   openLock
00002de5   IntEnable
00002e49   _Dunscale
00002f0d   SysCtlPeripheralEnable
00002f65   HibernateEnableExpClk
00002fb1   copy_in
00002ffd   __aeabi_d2f
00003049   GPIOPinConfigure
00003091   UARTIntHandler
000030d9   _c_int00
00003121   __aeabi_d2iz
00003169   EEPROMInit
000031ad   C$$EXIT
000031b1   abort
000031b9   exit
000031f1   _Dtest
00003235   __aeabi_uidivmod
00003279   signal
000032f5   HibernateWriteComplete
0000332d   __aeabi_f2d
00003399   IntRegister
000033cd   ServoDriver
00003401   feraiseexcept
00003435   LCDWriteText
00003469   EEPROMRead
00003499   _Feraise
000034c9   GPIODirModeSet
000034f7   __aeabi_i2d
00003525   raise
00003555   HibernateIntStatus
00003579   ustrncpy
0000359d   SysTickIntRegister
000035b9   cos
000035d3   log
000035ed   sin
00003607   usnprintf
00003621   _register_unlock
00003627   _register_lock
0000362d   _nop
00003639   _args_main
00003651   HibernateClockSelect
00003665   HibernateGPIORetentionEnable
00003679   HibernateIntClear
0000368d   HibernateIntEnable
000036a1   HibernateRequest
000036b5   HibernateWakeSet
000036c9   SysTickEnable
000036dd   SysTickIntEnable
000036f1   GPIOPinTypeGPIOOutput
00003703   HibernateIntRegister
00003715   __TI_zero_init
00003739   SysTickPeriodSet
00003749   HibernateInterrupt
00003757   __TI_decompress_none
00003765   GPIOPinWrite
0000376f   ResetISR
00003775   SysCtlDelay
0000377b   __TI_decompress_rle24
00003b24   __TI_Handler_Table_Base
00003b30   __TI_Handler_Table_Limit
00003b40   __TI_CINIT_Base
00003b58   __TI_CINIT_Limit
20000000   g_pfnRAMVectors
20000320   _Denorm
20000330   _Eps
20000340   _Hugeval
20000350   _Inf
20000360   _Nan
20000370   _Snan
20000380   _Rteps
20000390   _Xbig
20000398   _Zero
200003a0   _FDenorm
200003b0   _FEps
200003c0   _FInf
200003d0   _FNan
200003e0   _FSnan
200003f0   _FRteps
20000400   _FXbig
20000404   _FZero
20000408   initialNumTries
2000040c   eepromAddress
20000410   numTrieslong
20000414   numTries
20000418   servomson
2000041c   servotimer
20000420   nmea_state
20000424   latitude
20000434   longitude
20000444   neglat
20000448   neglong
2000044c   haveFix
20000450   _lock
20000454   _unlock
20000458   _cleanup_ptr
2000045c   _dtors_ptr
20000460   _Fenv
20000464   _Tls_setup__Fenv
20000468   _Errno
2000046c   main_func_sp
20000470   __stack
20000570   __STACK_END
20000570   __STACK_TOP
ffffffff   __binit__
ffffffff   __c_args__
ffffffff   binit
UNDEFED    SHT$$INIT_ARRAY$$Base
UNDEFED    SHT$$INIT_ARRAY$$Limit

[145 symbols]
